Component: ARM Compiler 5.06 update 6 (build 750) Tool: armlink [4d35ed]

==============================================================================

Section Cross References

    startup_stm32l073xx.o(RESET) refers to startup_stm32l073xx.o(STACK) for __initial_sp
    startup_stm32l073xx.o(RESET) refers to startup_stm32l073xx.o(.text) for Reset_Handler
    startup_stm32l073xx.o(RESET) refers to stm32l0xx_it.o(i.NMI_Handler) for NMI_Handler
    startup_stm32l073xx.o(RESET) refers to stm32l0xx_it.o(i.HardFault_Handler) for HardFault_Handler
    startup_stm32l073xx.o(RESET) refers to stm32l0xx_it.o(i.SVC_Handler) for SVC_Handler
    startup_stm32l073xx.o(RESET) refers to stm32l0xx_it.o(i.PendSV_Handler) for PendSV_Handler
    startup_stm32l073xx.o(RESET) refers to stm32l0xx_it.o(i.SysTick_Handler) for SysTick_Handler
    startup_stm32l073xx.o(RESET) refers to stm32l0xx_it.o(i.DMA1_Channel1_IRQHandler) for DMA1_Channel1_IRQHandler
    startup_stm32l073xx.o(RESET) refers to stm32l0xx_it.o(i.TIM7_IRQHandler) for TIM7_IRQHandler
    startup_stm32l073xx.o(RESET) refers to stm32l0xx_it.o(i.USART1_IRQHandler) for USART1_IRQHandler
    startup_stm32l073xx.o(RESET) refers to stm32l0xx_it.o(i.USB_IRQHandler) for USB_IRQHandler
    startup_stm32l073xx.o(.text) refers to system_stm32l0xx.o(i.SystemInit) for SystemInit
    startup_stm32l073xx.o(.text) refers to entry.o(.ARM.Collect$$$$00000000) for __main
    mbfunccoils.o(i.eMBFuncReadCoils) refers to main.o(i.eMBRegCoilsCB) for eMBRegCoilsCB
    mbfunccoils.o(i.eMBFuncReadCoils) refers to mbutils.o(i.prveMBError2Exception) for prveMBError2Exception
    mbfunccoils.o(i.eMBFuncWriteCoil) refers to main.o(i.eMBRegCoilsCB) for eMBRegCoilsCB
    mbfunccoils.o(i.eMBFuncWriteCoil) refers to mbutils.o(i.prveMBError2Exception) for prveMBError2Exception
    mbfunccoils.o(i.eMBFuncWriteMultipleCoils) refers to main.o(i.eMBRegCoilsCB) for eMBRegCoilsCB
    mbfunccoils.o(i.eMBFuncWriteMultipleCoils) refers to mbutils.o(i.prveMBError2Exception) for prveMBError2Exception
    mbfuncdisc.o(i.eMBFuncReadDiscreteInputs) refers to main.o(i.eMBRegDiscreteCB) for eMBRegDiscreteCB
    mbfuncdisc.o(i.eMBFuncReadDiscreteInputs) refers to mbutils.o(i.prveMBError2Exception) for prveMBError2Exception
    mbfuncholding.o(i.eMBFuncReadHoldingRegister) refers to main.o(i.eMBRegHoldingCB) for eMBRegHoldingCB
    mbfuncholding.o(i.eMBFuncReadHoldingRegister) refers to mbutils.o(i.prveMBError2Exception) for prveMBError2Exception
    mbfuncholding.o(i.eMBFuncReadWriteMultipleHoldingRegister) refers to main.o(i.eMBRegHoldingCB) for eMBRegHoldingCB
    mbfuncholding.o(i.eMBFuncReadWriteMultipleHoldingRegister) refers to mbutils.o(i.prveMBError2Exception) for prveMBError2Exception
    mbfuncholding.o(i.eMBFuncWriteHoldingRegister) refers to main.o(i.eMBRegHoldingCB) for eMBRegHoldingCB
    mbfuncholding.o(i.eMBFuncWriteHoldingRegister) refers to mbutils.o(i.prveMBError2Exception) for prveMBError2Exception
    mbfuncholding.o(i.eMBFuncWriteMultipleHoldingRegister) refers to main.o(i.eMBRegHoldingCB) for eMBRegHoldingCB
    mbfuncholding.o(i.eMBFuncWriteMultipleHoldingRegister) refers to mbutils.o(i.prveMBError2Exception) for prveMBError2Exception
    mbfuncinput.o(i.eMBFuncReadInputRegister) refers to main.o(i.eMBRegInputCB) for eMBRegInputCB
    mbfuncinput.o(i.eMBFuncReadInputRegister) refers to mbutils.o(i.prveMBError2Exception) for prveMBError2Exception
    mbfuncother.o(i.eMBFuncReportSlaveID) refers to memcpya.o(.text) for __aeabi_memcpy
    mbfuncother.o(i.eMBFuncReportSlaveID) refers to mbfuncother.o(.data) for usMBSlaveIDLen
    mbfuncother.o(i.eMBFuncReportSlaveID) refers to mbfuncother.o(.bss) for ucMBSlaveID
    mbfuncother.o(i.eMBSetSlaveID) refers to memcpya.o(.text) for __aeabi_memcpy
    mbfuncother.o(i.eMBSetSlaveID) refers to mbfuncother.o(.data) for usMBSlaveIDLen
    mbfuncother.o(i.eMBSetSlaveID) refers to mbfuncother.o(.bss) for ucMBSlaveID
    mbutils.o(i.xMBUtilSetBits) refers to retarget_io.o(i.__aeabi_assert) for __aeabi_assert
    portevent.o(i.xMBPortEventGet) refers to portevent.o(.data) for xEventInQueue
    portevent.o(i.xMBPortEventInit) refers to portevent.o(.data) for xEventInQueue
    portevent.o(i.xMBPortEventPost) refers to portevent.o(.data) for xEventInQueue
    portserial.o(i.prvvUARTRxISR) refers to mb.o(.data) for pxMBFrameCBByteReceived
    portserial.o(i.prvvUARTTxReadyISR) refers to mb.o(.data) for pxMBFrameCBTransmitterEmpty
    portserial.o(i.vMBPortSerialEnable) refers to main.o(.bss) for huart1
    portserial.o(i.xMBPortSerialGetByte) refers to main.o(.bss) for huart1
    portserial.o(i.xMBPortSerialInit) refers to stm32l0xx_hal_uart.o(i.HAL_UART_Init) for HAL_UART_Init
    portserial.o(i.xMBPortSerialInit) refers to main.o(.bss) for huart1
    portserial.o(i.xMBPortSerialPutByte) refers to stm32l0xx_hal_uart.o(i.HAL_UART_Transmit) for HAL_UART_Transmit
    portserial.o(i.xMBPortSerialPutByte) refers to main.o(.bss) for huart1
[...]
    i.USBD_CDC_SetRxBuffer                   0x08004132   Section        0  usbd_cdc.o(i.USBD_CDC_SetRxBuffer)
    i.USBD_CDC_SetTxBuffer                   0x08004146   Section        0  usbd_cdc.o(i.USBD_CDC_SetTxBuffer)
    i.USBD_CDC_Setup                         0x08004162   Section        0  usbd_cdc.o(i.USBD_CDC_Setup)
    USBD_CDC_Setup                           0x08004163   Thumb Code   274  usbd_cdc.o(i.USBD_CDC_Setup)
    i.USBD_ClrClassConfig                    0x08004274   Section        0  usbd_core.o(i.USBD_ClrClassConfig)
    i.USBD_ClrFeature                        0x0800428e   Section        0  usbd_ctlreq.o(i.USBD_ClrFeature)
    USBD_ClrFeature                          0x0800428f   Thumb Code    68  usbd_ctlreq.o(i.USBD_ClrFeature)
    i.USBD_CtlContinueRx                     0x080042d2   Section        0  usbd_ioreq.o(i.USBD_CtlContinueRx)
    i.USBD_CtlContinueSendData               0x080042ea   Section        0  usbd_ioreq.o(i.USBD_CtlContinueSendData)
    i.USBD_CtlError                          0x08004302   Section        0  usbd_ctlreq.o(i.USBD_CtlError)
    i.USBD_CtlPrepareRx                      0x0800431a   Section        0  usbd_ioreq.o(i.USBD_CtlPrepareRx)
    i.USBD_CtlReceiveStatus                  0x08004344   Section        0  usbd_ioreq.o(i.USBD_CtlReceiveStatus)
    i.USBD_CtlSendData                       0x08004360   Section        0  usbd_ioreq.o(i.USBD_CtlSendData)
    i.USBD_CtlSendStatus                     0x08004384   Section        0  usbd_ioreq.o(i.USBD_CtlSendStatus)
    i.USBD_FS_ConfigStrDescriptor            0x080043a0   Section        0  usbd_desc.o(i.USBD_FS_ConfigStrDescriptor)
    i.USBD_FS_DeviceDescriptor               0x080043d4   Section        0  usbd_desc.o(i.USBD_FS_DeviceDescriptor)
    i.USBD_FS_InterfaceStrDescriptor         0x080043e4   Section        0  usbd_desc.o(i.USBD_FS_InterfaceStrDescriptor)
    i.USBD_FS_LangIDStrDescriptor            0x0800441c   Section        0  usbd_desc.o(i.USBD_FS_LangIDStrDescriptor)
    i.USBD_FS_ManufacturerStrDescriptor      0x0800442c   Section        0  usbd_desc.o(i.USBD_FS_ManufacturerStrDescriptor)
    i.USBD_FS_ProductStrDescriptor           0x08004458   Section        0  usbd_desc.o(i.USBD_FS_ProductStrDescriptor)
    i.USBD_FS_SerialStrDescriptor            0x08004498   Section        0  usbd_desc.o(i.USBD_FS_SerialStrDescriptor)
    i.USBD_GetConfig                         0x080044b0   Section        0  usbd_ctlreq.o(i.USBD_GetConfig)
    USBD_GetConfig                           0x080044b1   Thumb Code    90  usbd_ctlreq.o(i.USBD_GetConfig)
    i.USBD_GetDescriptor                     0x0800450a   Section        0  usbd_ctlreq.o(i.USBD_GetDescriptor)
    USBD_GetDescriptor                       0x0800450b   Thumb Code   392  usbd_ctlreq.o(i.USBD_GetDescriptor)
    i.USBD_GetLen                            0x08004692   Section        0  usbd_ctlreq.o(i.USBD_GetLen)
    USBD_GetLen                              0x08004693   Thumb Code    20  usbd_ctlreq.o(i.USBD_GetLen)
    i.USBD_GetStatus                         0x080046a6   Section        0  usbd_ctlreq.o(i.USBD_GetStatus)
    USBD_GetStatus                           0x080046a7   Thumb Code    98  usbd_ctlreq.o(i.USBD_GetStatus)
    i.USBD_GetString                         0x08004708   Section        0  usbd_ctlreq.o(i.USBD_GetString)
    i.USBD_Get_USB_Status                    0x08004756   Section        0  usbd_conf.o(i.USBD_Get_USB_Status)
    USBD_Get_USB_Status                      0x08004757   Thumb Code    46  usbd_conf.o(i.USBD_Get_USB_Status)
    i.USBD_Init                              0x08004784   Section        0  usbd_core.o(i.USBD_Init)
    i.USBD_LL_ClearStallEP                   0x080047cc   Section        0  usbd_conf.o(i.USBD_LL_ClearStallEP)
    i.USBD_LL_CloseEP                        0x080047f2   Section        0  usbd_conf.o(i.USBD_LL_CloseEP)
    i.USBD_LL_DataInStage                    0x08004818   Section        0  usbd_core.o(i.USBD_LL_DataInStage)
    i.USBD_LL_DataOutStage                   0x08004944   Section        0  usbd_core.o(i.USBD_LL_DataOutStage)
    i.USBD_LL_GetRxDataSize                  0x08004a08   Section        0  usbd_conf.o(i.USBD_LL_GetRxDataSize)
    i.USBD_LL_Init                           0x08004a20   Section        0  usbd_conf.o(i.USBD_LL_Init)
    i.USBD_LL_IsStallEP                      0x08004ac8   Section        0  usbd_conf.o(i.USBD_LL_IsStallEP)
    i.USBD_LL_OpenEP                         0x08004afa   Section        0  usbd_conf.o(i.USBD_LL_OpenEP)
    i.USBD_LL_PrepareReceive                 0x08004b2a   Section        0  usbd_conf.o(i.USBD_LL_PrepareReceive)
    i.USBD_LL_Reset                          0x08004b5a   Section        0  usbd_core.o(i.USBD_LL_Reset)
    i.USBD_LL_Resume                         0x08004bc8   Section        0  usbd_core.o(i.USBD_LL_Resume)
    i.USBD_LL_SOF                            0x08004bde   Section        0  usbd_core.o(i.USBD_LL_SOF)
    i.USBD_LL_SetSpeed                       0x08004c0e   Section        0  usbd_core.o(i.USBD_LL_SetSpeed)
    i.USBD_LL_SetUSBAddress                  0x08004c16   Section        0  usbd_conf.o(i.USBD_LL_SetUSBAddress)
    i.USBD_LL_SetupStage                     0x08004c3c   Section        0  usbd_core.o(i.USBD_LL_SetupStage)
    i.USBD_LL_StallEP                        0x08004cc4   Section        0  usbd_conf.o(i.USBD_LL_StallEP)
    i.USBD_LL_Start                          0x08004cea   Section        0  usbd_conf.o(i.USBD_LL_Start)
    i.USBD_LL_Suspend                        0x08004d0c   Section        0  usbd_core.o(i.USBD_LL_Suspend)
    i.USBD_LL_Transmit                       0x08004d2c   Section        0  usbd_conf.o(i.USBD_LL_Transmit)
    i.USBD_ParseSetupRequest                 0x08004d5c   Section        0  usbd_ctlreq.o(i.USBD_ParseSetupRequest)
    i.USBD_RegisterClass                     0x08004d84   Section        0  usbd_core.o(i.USBD_RegisterClass)
    i.USBD_RunTestMode                       0x08004d9a   Section        0  usbd_core.o(i.USBD_RunTestMode)
    i.USBD_SetAddress                        0x08004da0   Section        0  usbd_ctlreq.o(i.USBD_SetAddress)
    USBD_SetAddress                          0x08004da1   Thumb Code   112  usbd_ctlreq.o(i.USBD_SetAddress)
    i.USBD_SetClassConfig                    0x08004e10   Section        0  usbd_core.o(i.USBD_SetClassConfig)
    i.USBD_SetConfig                         0x08004e40   Section        0  usbd_ctlreq.o(i.USBD_SetConfig)
    USBD_SetConfig                           0x08004e41   Thumb Code   244  usbd_ctlreq.o(i.USBD_SetConfig)
    i.USBD_SetFeature                        0x08004f38   Section        0  usbd_ctlreq.o(i.USBD_SetFeature)
    USBD_SetFeature                          0x08004f39   Thumb Code    28  usbd_ctlreq.o(i.USBD_SetFeature)
    i.USBD_Start                             0x08004f54   Section        0  usbd_core.o(i.USBD_Start)
    i.USBD_StdDevReq                         0x08004f62   Section        0  usbd_ctlreq.o(i.USBD_StdDevReq)
    i.USBD_StdEPReq                          0x0800500a   Section        0  usbd_ctlreq.o(i.USBD_StdEPReq)
    i.USBD_StdItfReq                         0x08005260   Section        0  usbd_ctlreq.o(i.USBD_StdItfReq)
    i.USBD_static_free                       0x080052ec   Section        0  usbd_conf.o(i.USBD_static_free)
    i.USBD_static_malloc                     0x080052f0   Section        0  usbd_conf.o(i.USBD_static_malloc)
    i.USB_ActivateEndpoint                   0x080052fc   Section        0  stm32l0xx_ll_usb.o(i.USB_ActivateEndpoint)
    i.USB_DeactivateEndpoint                 0x08005770   Section        0  stm32l0xx_ll_usb.o(i.USB_DeactivateEndpoint)
    i.USB_DevConnect                         0x080059d4   Section        0  stm32l0xx_ll_usb.o(i.USB_DevConnect)
    i.USB_DevInit                            0x080059e8   Section        0  stm32l0xx_ll_usb.o(i.USB_DevInit)
    i.USB_DisableGlobalInt                   0x08005a08   Section        0  stm32l0xx_ll_usb.o(i.USB_DisableGlobalInt)
    i.USB_EP0_OutStart                       0x08005a20   Section        0  stm32l0xx_ll_usb.o(i.USB_EP0_OutStart)
    i.USB_EPClearStall                       0x08005a28   Section        0  stm32l0xx_ll_usb.o(i.USB_EPClearStall)
    i.USB_EPSetStall                         0x08005af8   Section        0  stm32l0xx_ll_usb.o(i.USB_EPSetStall)
    i.USB_EPStartXfer                        0x08005b54   Section        0  stm32l0xx_ll_usb.o(i.USB_EPStartXfer)
    i.USB_EnableGlobalInt                    0x08005f48   Section        0  stm32l0xx_ll_usb.o(i.USB_EnableGlobalInt)
    i.USB_IRQHandler                         0x08005f60   Section        0  stm32l0xx_it.o(i.USB_IRQHandler)
    i.USB_ReadInterrupts                     0x08005f70   Section        0  stm32l0xx_ll_usb.o(i.USB_ReadInterrupts)
    i.USB_ReadPMA                            0x08005f78   Section        0  stm32l0xx_ll_usb.o(i.USB_ReadPMA)
    i.USB_SetDevAddress                      0x08005fb8   Section        0  stm32l0xx_ll_usb.o(i.USB_SetDevAddress)
    i.USB_WritePMA                           0x08005fc8   Section        0  stm32l0xx_ll_usb.o(i.USB_WritePMA)
    i.__ARM_common_ll_muluu                  0x08006002   Section        0  stm32l0xx_hal_uart.o(i.__ARM_common_ll_muluu)
    i.__ARM_common_switch8                   0x08006032   Section        0  stm32l0xx_hal_tim.o(i.__ARM_common_switch8)
    i.__aeabi_assert                         0x08006050   Section        0  retarget_io.o(i.__aeabi_assert)
    i.__scatterload_copy                     0x080060ec   Section       14  handlers.o(i.__scatterload_copy)
    i.__scatterload_null                     0x080060fa   Section        2  handlers.o(i.__scatterload_null)
    i.__scatterload_zeroinit                 0x080060fc   Section       14  handlers.o(i.__scatterload_zeroinit)
    i.abort                                  0x0800610a   Section        0  retarget_io.o(i.abort)
    i.eMBEnable                              0x08006110   Section        0  mb.o(i.eMBEnable)
    i.eMBFuncReadCoils                       0x08006138   Section        0  mbfunccoils.o(i.eMBFuncReadCoils)
    i.eMBFuncReadDiscreteInputs              0x080061f2   Section        0  mbfuncdisc.o(i.eMBFuncReadDiscreteInputs)
    i.eMBFuncReadHoldingRegister             0x080062aa   Section        0  mbfuncholding.o(i.eMBFuncReadHoldingRegister)
    i.eMBFuncReadInputRegister               0x08006334   Section        0  mbfuncinput.o(i.eMBFuncReadInputRegister)
    i.eMBFuncReadWriteMultipleHoldingRegister 0x080063be   Section        0  mbfuncholding.o(i.eMBFuncReadWriteMultipleHoldingRegister)
    i.eMBFuncReportSlaveID                   0x080064a0   Section        0  mbfuncother.o(i.eMBFuncReportSlaveID)
    i.eMBFuncWriteCoil                       0x080064c8   Section        0  mbfunccoils.o(i.eMBFuncWriteCoil)
    i.eMBFuncWriteHoldingRegister            0x08006538   Section        0  mbfuncholding.o(i.eMBFuncWriteHoldingRegister)
    i.eMBFuncWriteMultipleCoils              0x08006578   Section        0  mbfunccoils.o(i.eMBFuncWriteMultipleCoils)
    i.eMBFuncWriteMultipleHoldingRegister    0x08006612   Section        0  mbfuncholding.o(i.eMBFuncWriteMultipleHoldingRegister)
    i.eMBInit                                0x08006680   Section        0  mb.o(i.eMBInit)
    i.eMBPoll                                0x0800675c   Section        0  mb.o(i.eMBPoll)
    i.eMBRTUInit                             0x080068a4   Section        0  mbrtu.o(i.eMBRTUInit)
    i.eMBRTUReceive                          0x080068f8   Section        0  mbrtu.o(i.eMBRTUReceive)
    i.eMBRTUSend                             0x080069a8   Section        0  mbrtu.o(i.eMBRTUSend)
    i.eMBRTUStart                            0x08006a30   Section        0  mbrtu.o(i.eMBRTUStart)
    i.eMBRTUStop                             0x08006a50   Section        0  mbrtu.o(i.eMBRTUStop)
    i.eMBRegCoilsCB                          0x08006a64   Section        0  main.o(i.eMBRegCoilsCB)
    i.eMBRegDiscreteCB                       0x08006b00   Section        0  main.o(i.eMBRegDiscreteCB)
    i.eMBRegHoldingCB                        0x08006b5c   Section        0  main.o(i.eMBRegHoldingCB)
    i.eMBRegInputCB                          0x08006be4   Section        0  main.o(i.eMBRegInputCB)
    i.fputc                                  0x08006c30   Section        0  retarget_io.o(i.fputc)
    i.fputs                                  0x08006c50   Section        0  fputs.o(i.fputs)
    i.main                                   0x08006c68   Section        0  main.o(i.main)
    i.prveMBError2Exception                  0x08006d08   Section        0  mbutils.o(i.prveMBError2Exception)
    i.stderr_putchar                         0x08006d2c   Section        0  retarget_io.o(i.stderr_putchar)
    stderr_putchar                           0x08006d2d   Thumb Code     4  retarget_io.o(i.stderr_putchar)
    i.usMBCRC16                              0x08006d30   Section        0  mbcrc.o(i.usMBCRC16)
    i.vMBPortSerialEnable                    0x08006d68   Section        0  portserial.o(i.vMBPortSerialEnable)
    i.vMBPortTimersDisable                   0x08006dbc   Section        0  porttimer.o(i.vMBPortTimersDisable)
    i.vMBPortTimersEnable                    0x08006dcc   Section        0  porttimer.o(i.vMBPortTimersEnable)
    i.xMBPortEventGet                        0x08006dec   Section        0  portevent.o(i.xMBPortEventGet)
    i.xMBPortEventInit                       0x08006e10   Section        0  portevent.o(i.xMBPortEventInit)
    i.xMBPortEventPost                       0x08006e20   Section        0  portevent.o(i.xMBPortEventPost)
    i.xMBPortSerialGetByte                   0x08006e38   Section        0  portserial.o(i.xMBPortSerialGetByte)
    i.xMBPortSerialInit                      0x08006e4c   Section        0  portserial.o(i.xMBPortSerialInit)
    i.xMBPortSerialPutByte                   0x08006e7c   Section        0  portserial.o(i.xMBPortSerialPutByte)
    i.xMBPortTimersInit                      0x08006e9c   Section        0  porttimer.o(i.xMBPortTimersInit)
    i.xMBRTUReceiveFSM                       0x08006f00   Section        0  mbrtu.o(i.xMBRTUReceiveFSM)
    i.xMBRTUTimerT35Expired                  0x08006fe4   Section        0  mbrtu.o(i.xMBRTUTimerT35Expired)
    i.xMBRTUTransmitFSM                      0x08007074   Section        0  mbrtu.o(i.xMBRTUTransmitFSM)
    i.xMBUtilGetBits                         0x0800713c   Section        0  mbutils.o(i.xMBUtilGetBits)
    i.xMBUtilSetBits                         0x08007170   Section        0  mbutils.o(i.xMBUtilSetBits)
    .constdata                               0x08007218   Section      512  mbcrc.o(.constdata)
    aucCRCHi                                 0x08007218   Data         256  mbcrc.o(.constdata)
    aucCRCLo                                 0x08007318   Data         256  mbcrc.o(.constdata)
    .constdata                               0x08007418   Section       33  system_stm32l0xx.o(.constdata)
    .conststring                             0x0800743c   Section       99  mbrtu.o(.conststring)
    .data                                    0x20000000   Section        2  mbfuncother.o(.data)
    usMBSlaveIDLen                           0x20000000   Data           2  mbfuncother.o(.data)
    .data                                    0x20000002   Section        2  portevent.o(.data)
    eQueuedEvent                             0x20000002   Data           1  portevent.o(.data)
    xEventInQueue                            0x20000003   Data           1  portevent.o(.data)
    .data                                    0x20000004   Section        4  porttimer.o(.data)
    .data                                    0x20000008   Section      181  mb.o(.data)
    ucMBAddress                              0x20000008   Data           1  mb.o(.data)
    eMBCurrentMode                           0x20000009   Data           1  mb.o(.data)
    eMBState                                 0x2000000a   Data           1  mb.o(.data)
    peMBFrameSendCur                         0x2000000c   Data           4  mb.o(.data)
    pvMBFrameStartCur                        0x20000010   Data           4  mb.o(.data)
    pvMBFrameStopCur                         0x20000014   Data           4  mb.o(.data)
    peMBFrameReceiveCur                      0x20000018   Data           4  mb.o(.data)
    pvMBFrameCloseCur                        0x2000001c   Data           4  mb.o(.data)
    xFuncHandlers                            0x20000034   Data         128  mb.o(.data)
    ucMBFrame                                0x200000b4   Data           4  mb.o(.data)
    ucRcvAddress                             0x200000b8   Data           1  mb.o(.data)
    ucFunctionCode                           0x200000b9   Data           1  mb.o(.data)
    usLength                                 0x200000ba   Data           2  mb.o(.data)
    eException                               0x200000bc   Data           1  mb.o(.data)
    .data                                    0x200000c0   Section       12  mbrtu.o(.data)
    eSndState                                0x200000c0   Data           1  mbrtu.o(.data)
    eRcvState                                0x200000c1   Data           1  mbrtu.o(.data)
    pucSndBufferCur                          0x200000c4   Data           4  mbrtu.o(.data)
    usSndBufferCount                         0x200000c8   Data           2  mbrtu.o(.data)
    usRcvBufferPos                           0x200000ca   Data           2  mbrtu.o(.data)
    .data                                    0x200000cc   Section        6  main.o(.data)
    usRegDiscreteCoilsStart                  0x200000cc   Data           1  main.o(.data)
    usRegCoilsStart                          0x200000cd   Data           1  main.o(.data)
    usRegHoldingStart                        0x200000ce   Data           2  main.o(.data)
    usRegInputStart                          0x200000d0   Data           2  main.o(.data)
    .data                                    0x200000d4   Section       78  usbd_desc.o(.data)
    .data                                    0x20000124   Section       16  usbd_cdc_if.o(.data)
    .data                                    0x20000134   Section        4  stm32l0xx_hal.o(.data)
    .data                                    0x20000138   Section        4  system_stm32l0xx.o(.data)
    .data                                    0x2000013c   Section        1  usbd_ctlreq.o(.data)
    cfgidx                                   0x2000013c   Data           1  usbd_ctlreq.o(.data)
    .data                                    0x20000140   Section      271  usbd_cdc.o(.data)
    USBD_CDC_DeviceQualifierDesc             0x20000140   Data          10  usbd_cdc.o(.data)
    .data                                    0x20000250   Section        4  stderr.o(.data)
    .bss                                     0x20000254   Section       32  mbfuncother.o(.bss)
    ucMBSlaveID                              0x20000254   Data          32  mbfuncother.o(.bss)
    .bss                                     0x20000274   Section      256  mbrtu.o(.bss)
    .bss                                     0x20000374   Section      788  main.o(.bss)
    usRegDiscreteCoilsBuf                    0x200005a0   Data          50  main.o(.bss)
    usRegCoilsBuf                            0x200005d2   Data          50  main.o(.bss)
    usRegHoldingBuf                          0x20000604   Data         100  main.o(.bss)
    usRegInputBuf                            0x20000668   Data          16  main.o(.bss)
    .bss                                     0x20000688   Section      668  usb_device.o(.bss)
    .bss                                     0x20000924   Section     1172  usbd_conf.o(.bss)
    mem                                      0x20000b98   Data         544  usbd_conf.o(.bss)
    .bss                                     0x20000db8   Section      512  usbd_desc.o(.bss)
    .bss                                     0x20000fb8   Section     2000  usbd_cdc_if.o(.bss)
    STACK                                    0x20001788   Section     1024  startup_stm32l073xx.o(STACK)

    Global Symbols

    Symbol Name                              Value     Ov Type        Size  Object(Section)

    BuildAttributes$$THM_ISAv3M$S$PE$A:L22$X:L11$S22$IEEE1$IW$USESV6$~STKCKD$USESV7$~SHL$OSPACE$EBA8$MICROLIB$REQ8$PRES8$EABIv2 0x00000000   Number         0  anon$$obj.o ABSOLUTE
    __ARM_use_no_argv                        0x00000000   Number         0  main.o ABSOLUTE
    __cpp_initialize__aeabi_                  - Undefined Weak Reference
    __cxa_finalize                            - Undefined Weak Reference
    _clock_init                               - Undefined Weak Reference
    _microlib_exit                            - Undefined Weak Reference
    __Vectors_Size                           0x000000c0   Number         0  startup_stm32l073xx.o ABSOLUTE
    __Vectors                                0x08000000   Data           4  startup_stm32l073xx.o(RESET)
    __Vectors_End                            0x080000c0   Data           0  startup_stm32l073xx.o(RESET)
    __main                                   0x080000c1   Thumb Code     0  entry.o(.ARM.Collect$$$$00000000)
    _main_stk                                0x080000c1   Thumb Code     0  entry2.o(.ARM.Collect$$$$00000001)
    _main_scatterload                        0x080000c5   Thumb Code     0  entry5.o(.ARM.Collect$$$$00000004)
    __main_after_scatterload                 0x080000c9   Thumb Code     0  entry5.o(.ARM.Collect$$$$00000004)
    _main_clock                              0x080000c9   Thumb Code     0  entry7b.o(.ARM.Collect$$$$00000008)
    _main_cpp_init                           0x080000c9   Thumb Code     0  entry8b.o(.ARM.Collect$$$$0000000A)
    _main_init                               0x080000c9   Thumb Code     0  entry9a.o(.ARM.Collect$$$$0000000B)
    __rt_final_cpp                           0x080000d1   Thumb Code     0  entry10a.o(.ARM.Collect$$$$0000000D)
    __rt_final_exit                          0x080000d1   Thumb Code     0  entry11a.o(.ARM.Collect$$$$0000000F)
    Reset_Handler                            0x080000d5   Thumb Code     8  startup_stm32l073xx.o(.text)
    ADC1_COMP_IRQHandler                     0x080000e7   Thumb Code     0  startup_stm32l073xx.o(.text)
    DMA1_Channel2_3_IRQHandler               0x080000e7   Thumb Code     0  startup_stm32l073xx.o(.text)
    DMA1_Channel4_5_6_7_IRQHandler           0x080000e7   Thumb Code     0  startup_stm32l073xx.o(.text)
    EXTI0_1_IRQHandler                       0x080000e7   Thumb Code     0  startup_stm32l073xx.o(.text)
    EXTI2_3_IRQHandler                       0x080000e7   Thumb Code     0  startup_stm32l073xx.o(.text)
    EXTI4_15_IRQHandler                      0x080000e7   Thumb Code     0  startup_stm32l073xx.o(.text)
    FLASH_IRQHandler                         0x080000e7   Thumb Code     0  startup_stm32l073xx.o(.text)
    I2C1_IRQHandler                          0x080000e7   Thumb Code     0  startup_stm32l073xx.o(.text)
    I2C2_IRQHandler                          0x080000e7   Thumb Code     0  startup_stm32l073xx.o(.text)
    I2C3_IRQHandler                          0x080000e7   Thumb Code     0  startup_stm32l073xx.o(.text)
    LCD_IRQHandler                           0x080000e7   Thumb Code     0  startup_stm32l073xx.o(.text)
    LPTIM1_IRQHandler                        0x080000e7   Thumb Code     0  startup_stm32l073xx.o(.text)
    PVD_IRQHandler                           0x080000e7   Thumb Code     0  startup_stm32l073xx.o(.text)
    RCC_CRS_IRQHandler                       0x080000e7   Thumb Code     0  startup_stm32l073xx.o(.text)
    RNG_LPUART1_IRQHandler                   0x080000e7   Thumb Code     0  startup_stm32l073xx.o(.text)
    RTC_IRQHandler                           0x080000e7   Thumb Code     0  startup_stm32l073xx.o(.text)
    SPI1_IRQHandler                          0x080000e7   Thumb Code     0  startup_stm32l073xx.o(.text)
    SPI2_IRQHandler                          0x080000e7   Thumb Code     0  startup_stm32l073xx.o(.text)
    TIM21_IRQHandler                         0x080000e7   Thumb Code     0  startup_stm32l073xx.o(.text)
    TIM22_IRQHandler                         0x080000e7   Thumb Code     0  startup_stm32l073xx.o(.text)
    TIM2_IRQHandler                          0x080000e7   Thumb Code     0  startup_stm32l073xx.o(.text)
    TIM3_IRQHandler                          0x080000e7   Thumb Code     0  startup_stm32l073xx.o(.text)
    TIM6_DAC_IRQHandler                      0x080000e7   Thumb Code     0  startup_stm32l073xx.o(.text)
    TSC_IRQHandler                           0x080000e7   Thumb Code     0  startup_stm32l073xx.o(.text)
    USART2_IRQHandler                        0x080000e7   Thumb Code     0  startup_stm32l073xx.o(.text)
    USART4_5_IRQHandler                      0x080000e7   Thumb Code     0  startup_stm32l073xx.o(.text)
    WWDG_IRQHandler                          0x080000e7   Thumb Code     0  startup_stm32l073xx.o(.text)
    __aeabi_uidiv                            0x080000f1   Thumb Code     0  uidiv.o(.text)
    __aeabi_uidivmod                         0x080000f1   Thumb Code    44  uidiv.o(.text)
    __aeabi_idiv                             0x0800011d   Thumb Code     0  idiv.o(.text)
    __aeabi_idivmod                          0x0800011d   Thumb Code    40  idiv.o(.text)
    __aeabi_uldivmod                         0x08000145   Thumb Code    96  uldiv.o(.text)
    __aeabi_memcpy                           0x080001a5   Thumb Code    36  memcpya.o(.text)
    __aeabi_memcpy4                          0x080001a5   Thumb Code     0  memcpya.o(.text)
    __aeabi_memcpy8                          0x080001a5   Thumb Code     0  memcpya.o(.text)
    __aeabi_memset                           0x080001c9   Thumb Code    14  memseta.o(.text)
    __aeabi_memset4                          0x080001c9   Thumb Code     0  memseta.o(.text)
    __aeabi_memset8                          0x080001c9   Thumb Code     0  memseta.o(.text)
    __aeabi_memclr                           0x080001d7   Thumb Code     4  memseta.o(.text)
    __aeabi_memclr4                          0x080001d7   Thumb Code     0  memseta.o(.text)
    __aeabi_memclr8                          0x080001d7   Thumb Code     0  memseta.o(.text)
    _memset$wrapper                          0x080001db   Thumb Code    18  memseta.o(.text)
    __aeabi_llsl                             0x080001ed   Thumb Code    32  llshl.o(.text)
    _ll_shift_l                              0x080001ed   Thumb Code     0  llshl.o(.text)
    __aeabi_llsr                             0x0800020d   Thumb Code    34  llushr.o(.text)
    _ll_ushift_r                             0x0800020d   Thumb Code     0  llushr.o(.text)
    __scatterload                            0x08000231   Thumb Code    28  init.o(.text)
    __scatterload_rt2                        0x08000231   Thumb Code     0  init.o(.text)
    __decompress                             0x08000255   Thumb Code     0  __dczerorl2.o(.text)
    __decompress1                            0x08000255   Thumb Code    86  __dczerorl2.o(.text)
    DMA1_Channel1_IRQHandler                 0x080004bd   Thumb Code    10  stm32l0xx_it.o(i.DMA1_Channel1_IRQHandler)
    Error_Handler                            0x080004fb   Thumb Code     2  main.o(i.Error_Handler)
    HAL_ADC_ConfigChannel                    0x0800052d   Thumb Code   306  stm32l0xx_hal_adc.o(i.HAL_ADC_ConfigChannel)
    HAL_ADC_ConvCpltCallback                 0x08000675   Thumb Code     2  stm32l0xx_hal_adc.o(i.HAL_ADC_ConvCpltCallback)
    HAL_ADC_ConvHalfCpltCallback             0x08000677   Thumb Code     2  stm32l0xx_hal_adc.o(i.HAL_ADC_ConvHalfCpltCallback)
    HAL_ADC_ErrorCallback                    0x08000679   Thumb Code     2  stm32l0xx_hal_adc.o(i.HAL_ADC_ErrorCallback)
    HAL_ADC_Init                             0x0800067d   Thumb Code   562  stm32l0xx_hal_adc.o(i.HAL_ADC_Init)
    HAL_ADC_MspInit                          0x080008b9   Thumb Code   148  stm32l0xx_hal_msp.o(i.HAL_ADC_MspInit)
    HAL_ADC_Start_DMA                        0x0800095d   Thumb Code   176  stm32l0xx_hal_adc.o(i.HAL_ADC_Start_DMA)
    HAL_DMA_Abort_IT                         0x08000a1d   Thumb Code    92  stm32l0xx_hal_dma.o(i.HAL_DMA_Abort_IT)
    HAL_DMA_IRQHandler                       0x08000a79   Thumb Code   264  stm32l0xx_hal_dma.o(i.HAL_DMA_IRQHandler)
    HAL_DMA_Init                             0x08000b81   Thumb Code   158  stm32l0xx_hal_dma.o(i.HAL_DMA_Init)
    HAL_DMA_Start_IT                         0x08000c29   Thumb Code   154  stm32l0xx_hal_dma.o(i.HAL_DMA_Start_IT)
    HAL_GPIO_Init                            0x08000cc5   Thumb Code   472  stm32l0xx_hal_gpio.o(i.HAL_GPIO_Init)
    HAL_GPIO_TogglePin                       0x08000ebd   Thumb Code     8  stm32l0xx_hal_gpio.o(i.HAL_GPIO_TogglePin)
    HAL_GPIO_WritePin                        0x08000ec5   Thumb Code    12  stm32l0xx_hal_gpio.o(i.HAL_GPIO_WritePin)
    HAL_GetTick                              0x08000ed1   Thumb Code     6  stm32l0xx_hal.o(i.HAL_GetTick)
    HAL_I2CEx_ConfigAnalogFilter             0x08000edd   Thumb Code   110  stm32l0xx_hal_i2c_ex.o(i.HAL_I2CEx_ConfigAnalogFilter)
    HAL_I2CEx_ConfigDigitalFilter            0x08000f4b   Thumb Code   112  stm32l0xx_hal_i2c_ex.o(i.HAL_I2CEx_ConfigDigitalFilter)
    HAL_I2C_Init                             0x08000fbd   Thumb Code   208  stm32l0xx_hal_i2c.o(i.HAL_I2C_Init)
    HAL_I2C_MspInit                          0x08001091   Thumb Code    96  stm32l0xx_hal_msp.o(i.HAL_I2C_MspInit)
    HAL_IncTick                              0x080010fd   Thumb Code    12  stm32l0xx_hal.o(i.HAL_IncTick)
    HAL_Init                                 0x0800110d   Thumb Code    38  stm32l0xx_hal.o(i.HAL_Init)
    HAL_InitTick                             0x08001139   Thumb Code    46  stm32l0xx_hal.o(i.HAL_InitTick)
    HAL_MspInit                              0x0800116d   Thumb Code    26  stm32l0xx_hal_msp.o(i.HAL_MspInit)
    HAL_NVIC_EnableIRQ                       0x0800118d   Thumb Code    18  stm32l0xx_hal_cortex.o(i.HAL_NVIC_EnableIRQ)
    HAL_NVIC_SetPriority                     0x080011a5   Thumb Code    18  stm32l0xx_hal_cortex.o(i.HAL_NVIC_SetPriority)
    HAL_PCDEx_ActivateBCD                    0x080011b7   Thumb Code    38  stm32l0xx_hal_pcd_ex.o(i.HAL_PCDEx_ActivateBCD)
    HAL_PCDEx_ActivateLPM                    0x080011dd   Thumb Code    50  stm32l0xx_hal_pcd_ex.o(i.HAL_PCDEx_ActivateLPM)
    HAL_PCDEx_LPM_Callback                   0x0800120f   Thumb Code     2  stm32l0xx_hal_pcd_ex.o(i.HAL_PCDEx_LPM_Callback)
    HAL_PCDEx_PMAConfig                      0x08001211   Thumb Code    62  stm32l0xx_hal_pcd_ex.o(i.HAL_PCDEx_PMAConfig)
    HAL_PCD_DataInStageCallback              0x0800124f   Thumb Code    30  usbd_conf.o(i.HAL_PCD_DataInStageCallback)
    HAL_PCD_DataOutStageCallback             0x0800126d   Thumb Code    32  usbd_conf.o(i.HAL_PCD_DataOutStageCallback)
    HAL_PCD_EP_Close                         0x0800128d   Thumb Code   108  stm32l0xx_hal_pcd.o(i.HAL_PCD_EP_Close)
    HAL_PCD_EP_ClrStall                      0x080012f9   Thumb Code   126  stm32l0xx_hal_pcd.o(i.HAL_PCD_EP_ClrStall)
    HAL_PCD_EP_GetRxCount                    0x08001377   Thumb Code    18  stm32l0xx_hal_pcd.o(i.HAL_PCD_EP_GetRxCount)
    HAL_PCD_EP_Open                          0x08001389   Thumb Code   142  stm32l0xx_hal_pcd.o(i.HAL_PCD_EP_Open)
    HAL_PCD_EP_Receive                       0x08001417   Thumb Code    72  stm32l0xx_hal_pcd.o(i.HAL_PCD_EP_Receive)
    HAL_PCD_EP_SetStall                      0x0800145f   Thumb Code   144  stm32l0xx_hal_pcd.o(i.HAL_PCD_EP_SetStall)
    HAL_PCD_EP_Transmit                      0x080014ef   Thumb Code    72  stm32l0xx_hal_pcd.o(i.HAL_PCD_EP_Transmit)
    HAL_PCD_IRQHandler                       0x08001539   Thumb Code   508  stm32l0xx_hal_pcd.o(i.HAL_PCD_IRQHandler)
    HAL_PCD_Init                             0x08001739   Thumb Code   304  stm32l0xx_hal_pcd.o(i.HAL_PCD_Init)
    HAL_PCD_MspInit                          0x08001869   Thumb Code    44  usbd_conf.o(i.HAL_PCD_MspInit)
    HAL_PCD_ResetCallback                    0x0800189d   Thumb Code    40  usbd_conf.o(i.HAL_PCD_ResetCallback)
    HAL_PCD_ResumeCallback                   0x080018c5   Thumb Code    38  usbd_conf.o(i.HAL_PCD_ResumeCallback)
    HAL_PCD_SOFCallback                      0x080018f1   Thumb Code    16  usbd_conf.o(i.HAL_PCD_SOFCallback)
    HAL_PCD_SetAddress                       0x08001901   Thumb Code    66  stm32l0xx_hal_pcd.o(i.HAL_PCD_SetAddress)
    HAL_PCD_SetupStageCallback               0x08001943   Thumb Code    22  usbd_conf.o(i.HAL_PCD_SetupStageCallback)
    HAL_PCD_Start                            0x08001959   Thumb Code    64  stm32l0xx_hal_pcd.o(i.HAL_PCD_Start)
    HAL_PCD_SuspendCallback                  0x08001999   Thumb Code    34  usbd_conf.o(i.HAL_PCD_SuspendCallback)
    HAL_RCCEx_PeriphCLKConfig                0x080019c1   Thumb Code   668  stm32l0xx_hal_rcc_ex.o(i.HAL_RCCEx_PeriphCLKConfig)
    HAL_RCC_ClockConfig                      0x08001c69   Thumb Code   498  stm32l0xx_hal_rcc.o(i.HAL_RCC_ClockConfig)
    HAL_RCC_GetHCLKFreq                      0x08001e71   Thumb Code     6  stm32l0xx_hal_rcc.o(i.HAL_RCC_GetHCLKFreq)
    HAL_RCC_GetPCLK1Freq                     0x08001e7d   Thumb Code    26  stm32l0xx_hal_rcc.o(i.HAL_RCC_GetPCLK1Freq)
    HAL_RCC_GetPCLK2Freq                     0x08001ea1   Thumb Code    26  stm32l0xx_hal_rcc.o(i.HAL_RCC_GetPCLK2Freq)
    HAL_RCC_GetSysClockFreq                  0x08001ec5   Thumb Code   186  stm32l0xx_hal_rcc.o(i.HAL_RCC_GetSysClockFreq)
    HAL_RCC_OscConfig                        0x08001f95   Thumb Code  1764  stm32l0xx_hal_rcc.o(i.HAL_RCC_OscConfig)
    HAL_SYSTICK_Config                       0x08002689   Thumb Code    46  stm32l0xx_hal_cortex.o(i.HAL_SYSTICK_Config)
    HAL_TIMEx_MasterConfigSynchronization    0x080026c1   Thumb Code    92  stm32l0xx_hal_tim_ex.o(i.HAL_TIMEx_MasterConfigSynchronization)
    HAL_TIM_Base_Init                        0x0800271d   Thumb Code    56  stm32l0xx_hal_tim.o(i.HAL_TIM_Base_Init)
    HAL_TIM_Base_MspInit                     0x08002755   Thumb Code    42  stm32l0xx_hal_msp.o(i.HAL_TIM_Base_MspInit)
    HAL_TIM_Base_Start_IT                    0x08002789   Thumb Code    42  stm32l0xx_hal_tim.o(i.HAL_TIM_Base_Start_IT)
    HAL_TIM_Base_Stop_IT                     0x080027b5   Thumb Code    46  stm32l0xx_hal_tim.o(i.HAL_TIM_Base_Stop_IT)
    HAL_TIM_IC_CaptureCallback               0x080027e9   Thumb Code     2  stm32l0xx_hal_tim.o(i.HAL_TIM_IC_CaptureCallback)
    HAL_TIM_IRQHandler                       0x080027eb   Thumb Code   380  stm32l0xx_hal_tim.o(i.HAL_TIM_IRQHandler)
    HAL_TIM_OC_DelayElapsedCallback          0x08002967   Thumb Code     2  stm32l0xx_hal_tim.o(i.HAL_TIM_OC_DelayElapsedCallback)
    HAL_TIM_PWM_PulseFinishedCallback        0x08002969   Thumb Code     2  stm32l0xx_hal_tim.o(i.HAL_TIM_PWM_PulseFinishedCallback)
    HAL_TIM_PeriodElapsedCallback            0x0800296b   Thumb Code     2  stm32l0xx_hal_tim.o(i.HAL_TIM_PeriodElapsedCallback)
    HAL_TIM_TriggerCallback                  0x0800296d   Thumb Code     2  stm32l0xx_hal_tim.o(i.HAL_TIM_TriggerCallback)
    HAL_UARTEx_WakeupCallback                0x0800296f   Thumb Code     2  stm32l0xx_hal_uart_ex.o(i.HAL_UARTEx_WakeupCallback)
    HAL_UART_ErrorCallback                   0x08002971   Thumb Code     2  stm32l0xx_hal_uart.o(i.HAL_UART_ErrorCallback)
    HAL_UART_IRQHandler                      0x08002975   Thumb Code   456  stm32l0xx_hal_uart.o(i.HAL_UART_IRQHandler)
    HAL_UART_Init                            0x08002b41   Thumb Code   126  stm32l0xx_hal_uart.o(i.HAL_UART_Init)
    HAL_UART_MspInit                         0x08002bc1   Thumb Code   198  stm32l0xx_hal_msp.o(i.HAL_UART_MspInit)
    HAL_UART_Transmit                        0x08002c99   Thumb Code   256  stm32l0xx_hal_uart.o(i.HAL_UART_Transmit)
    HAL_UART_TxCpltCallback                  0x08002d99   Thumb Code     2  stm32l0xx_hal_uart.o(i.HAL_UART_TxCpltCallback)
    HardFault_Handler                        0x08002d9b   Thumb Code     4  stm32l0xx_it.o(i.HardFault_Handler)
    MX_USB_DEVICE_Init                       0x08003121   Thumb Code    68  usb_device.o(i.MX_USB_DEVICE_Init)
    NMI_Handler                              0x08003175   Thumb Code     2  stm32l0xx_it.o(i.NMI_Handler)
    PendSV_Handler                           0x080035b5   Thumb Code     2  stm32l0xx_it.o(i.PendSV_Handler)
    SVC_Handler                              0x080035b7   Thumb Code     2  stm32l0xx_it.o(i.SVC_Handler)
    SysTick_Handler                          0x080035b9   Thumb Code     8  stm32l0xx_it.o(i.SysTick_Handler)
    SystemClock_Config                       0x080035c9   Thumb Code   160  main.o(i.SystemClock_Config)
    SystemInit                               0x0800366d   Thumb Code    88  system_stm32l0xx.o(i.SystemInit)
    TIM7_IRQHandler                          0x080036d5   Thumb Code    78  stm32l0xx_it.o(i.TIM7_IRQHandler)
    UART_AdvFeatureConfig                    0x080037ad   Thumb Code   240  stm32l0xx_hal_uart.o(i.UART_AdvFeatureConfig)
    UART_CheckIdleState                      0x0800389d   Thumb Code   106  stm32l0xx_hal_uart.o(i.UART_CheckIdleState)
    UART_SetConfig                           0x08003969   Thumb Code   970  stm32l0xx_hal_uart.o(i.UART_SetConfig)
    UART_WaitOnFlagUntilTimeout              0x08003d69   Thumb Code   108  stm32l0xx_hal_uart.o(i.UART_WaitOnFlagUntilTimeout)
    USART1_IRQHandler                        0x08003dd5   Thumb Code   116  stm32l0xx_it.o(i.USART1_IRQHandler)
    USBD_CDC_GetDeviceQualifierDescriptor    0x08003fc5   Thumb Code    10  usbd_cdc.o(i.USBD_CDC_GetDeviceQualifierDescriptor)
    USBD_CDC_ReceivePacket                   0x080040d7   Thumb Code    72  usbd_cdc.o(i.USBD_CDC_ReceivePacket)
    USBD_CDC_RegisterInterface               0x0800411f   Thumb Code    20  usbd_cdc.o(i.USBD_CDC_RegisterInterface)
    USBD_CDC_SetRxBuffer                     0x08004133   Thumb Code    20  usbd_cdc.o(i.USBD_CDC_SetRxBuffer)
    USBD_CDC_SetTxBuffer                     0x08004147   Thumb Code    28  usbd_cdc.o(i.USBD_CDC_SetTxBuffer)
    USBD_ClrClassConfig                      0x08004275   Thumb Code    26  usbd_core.o(i.USBD_ClrClassConfig)
    USBD_CtlContinueRx                       0x080042d3   Thumb Code    24  usbd_ioreq.o(i.USBD_CtlContinueRx)
    USBD_CtlContinueSendData                 0x080042eb   Thumb Code    24  usbd_ioreq.o(i.USBD_CtlContinueSendData)
    USBD_CtlError                            0x08004303   Thumb Code    24  usbd_ctlreq.o(i.USBD_CtlError)
    USBD_CtlPrepareRx                        0x0800431b   Thumb Code    42  usbd_ioreq.o(i.USBD_CtlPrepareRx)
    USBD_CtlReceiveStatus                    0x08004345   Thumb Code    28  usbd_ioreq.o(i.USBD_CtlReceiveStatus)
    USBD_CtlSendData                         0x08004361   Thumb Code    36  usbd_ioreq.o(i.USBD_CtlSendData)
    USBD_CtlSendStatus                       0x08004385   Thumb Code    28  usbd_ioreq.o(i.USBD_CtlSendStatus)
    USBD_FS_ConfigStrDescriptor              0x080043a1   Thumb Code    36  usbd_desc.o(i.USBD_FS_ConfigStrDescriptor)
    USBD_FS_DeviceDescriptor                 0x080043d5   Thumb Code    10  usbd_desc.o(i.USBD_FS_DeviceDescriptor)
    USBD_FS_InterfaceStrDescriptor           0x080043e5   Thumb Code    36  usbd_desc.o(i.USBD_FS_InterfaceStrDescriptor)
    USBD_FS_LangIDStrDescriptor              0x0800441d   Thumb Code    10  usbd_desc.o(i.USBD_FS_LangIDStrDescriptor)
    USBD_FS_ManufacturerStrDescriptor        0x0800442d   Thumb Code    20  usbd_desc.o(i.USBD_FS_ManufacturerStrDescriptor)
    USBD_FS_ProductStrDescriptor             0x08004459   Thumb Code    36  usbd_desc.o(i.USBD_FS_ProductStrDescriptor)
    USBD_FS_SerialStrDescriptor              0x08004499   Thumb Code    18  usbd_desc.o(i.USBD_FS_SerialStrDescriptor)
    USBD_GetString                           0x08004709   Thumb Code    78  usbd_ctlreq.o(i.USBD_GetString)
    USBD_Init                                0x08004785   Thumb Code    72  usbd_core.o(i.USBD_Init)
    USBD_LL_ClearStallEP                     0x080047cd   Thumb Code    38  usbd_conf.o(i.USBD_LL_ClearStallEP)
    USBD_LL_CloseEP                          0x080047f3   Thumb Code    38  usbd_conf.o(i.USBD_LL_CloseEP)
    USBD_LL_DataInStage                      0x08004819   Thumb Code   300  usbd_core.o(i.USBD_LL_DataInStage)
    USBD_LL_DataOutStage                     0x08004945   Thumb Code   196  usbd_core.o(i.USBD_LL_DataOutStage)
    USBD_LL_GetRxDataSize                    0x08004a09   Thumb Code    22  usbd_conf.o(i.USBD_LL_GetRxDataSize)
    USBD_LL_Init                             0x08004a21   Thumb Code   154  usbd_conf.o(i.USBD_LL_Init)
    USBD_LL_IsStallEP                        0x08004ac9   Thumb Code    50  usbd_conf.o(i.USBD_LL_IsStallEP)
    USBD_LL_OpenEP                           0x08004afb   Thumb Code    48  usbd_conf.o(i.USBD_LL_OpenEP)
    USBD_LL_PrepareReceive                   0x08004b2b   Thumb Code    48  usbd_conf.o(i.USBD_LL_PrepareReceive)
    USBD_LL_Reset                            0x08004b5b   Thumb Code   110  usbd_core.o(i.USBD_LL_Reset)
    USBD_LL_Resume                           0x08004bc9   Thumb Code    22  usbd_core.o(i.USBD_LL_Resume)
    USBD_LL_SOF                              0x08004bdf   Thumb Code    48  usbd_core.o(i.USBD_LL_SOF)
    USBD_LL_SetSpeed                         0x08004c0f   Thumb Code     8  usbd_core.o(i.USBD_LL_SetSpeed)
    USBD_LL_SetUSBAddress                    0x08004c17   Thumb Code    38  usbd_conf.o(i.USBD_LL_SetUSBAddress)
    USBD_LL_SetupStage                       0x08004c3d   Thumb Code   136  usbd_core.o(i.USBD_LL_SetupStage)
    USBD_LL_StallEP                          0x08004cc5   Thumb Code    38  usbd_conf.o(i.USBD_LL_StallEP)
    USBD_LL_Start                            0x08004ceb   Thumb Code    34  usbd_conf.o(i.USBD_LL_Start)
    USBD_LL_Suspend                          0x08004d0d   Thumb Code    32  usbd_core.o(i.USBD_LL_Suspend)
    USBD_LL_Transmit                         0x08004d2d   Thumb Code    48  usbd_conf.o(i.USBD_LL_Transmit)
    USBD_ParseSetupRequest                   0x08004d5d   Thumb Code    40  usbd_ctlreq.o(i.USBD_ParseSetupRequest)
    USBD_RegisterClass                       0x08004d85   Thumb Code    22  usbd_core.o(i.USBD_RegisterClass)
    USBD_RunTestMode                         0x08004d9b   Thumb Code     6  usbd_core.o(i.USBD_RunTestMode)
    USBD_SetClassConfig                      0x08004e11   Thumb Code    46  usbd_core.o(i.USBD_SetClassConfig)
    USBD_Start                               0x08004f55   Thumb Code    14  usbd_core.o(i.USBD_Start)
    USBD_StdDevReq                           0x08004f63   Thumb Code   168  usbd_ctlreq.o(i.USBD_StdDevReq)
    USBD_StdEPReq                            0x0800500b   Thumb Code   598  usbd_ctlreq.o(i.USBD_StdEPReq)
    USBD_StdItfReq                           0x08005261   Thumb Code   140  usbd_ctlreq.o(i.USBD_StdItfReq)
    USBD_static_free                         0x080052ed   Thumb Code     2  usbd_conf.o(i.USBD_static_free)
    USBD_static_malloc                       0x080052f1   Thumb Code     6  usbd_conf.o(i.USBD_static_malloc)
    USB_ActivateEndpoint                     0x080052fd   Thumb Code  1130  stm32l0xx_ll_usb.o(i.USB_ActivateEndpoint)
    USB_DeactivateEndpoint                   0x08005771   Thumb Code   602  stm32l0xx_ll_usb.o(i.USB_DeactivateEndpoint)
    USB_DevConnect                           0x080059d5   Thumb Code    20  stm32l0xx_ll_usb.o(i.USB_DevConnect)
    USB_DevInit                              0x080059e9   Thumb Code    32  stm32l0xx_ll_usb.o(i.USB_DevInit)
    USB_DisableGlobalInt                     0x08005a09   Thumb Code    18  stm32l0xx_ll_usb.o(i.USB_DisableGlobalInt)
    USB_EP0_OutStart                         0x08005a21   Thumb Code     6  stm32l0xx_ll_usb.o(i.USB_EP0_OutStart)
    USB_EPClearStall                         0x08005a29   Thumb Code   198  stm32l0xx_ll_usb.o(i.USB_EPClearStall)
    USB_EPSetStall                           0x08005af9   Thumb Code    84  stm32l0xx_ll_usb.o(i.USB_EPSetStall)
    USB_EPStartXfer                          0x08005b55   Thumb Code   998  stm32l0xx_ll_usb.o(i.USB_EPStartXfer)
    USB_EnableGlobalInt                      0x08005f49   Thumb Code    18  stm32l0xx_ll_usb.o(i.USB_EnableGlobalInt)
    USB_IRQHandler                           0x08005f61   Thumb Code    10  stm32l0xx_it.o(i.USB_IRQHandler)
    USB_ReadInterrupts                       0x08005f71   Thumb Code     8  stm32l0xx_ll_usb.o(i.USB_ReadInterrupts)
    USB_ReadPMA                              0x08005f79   Thumb Code    64  stm32l0xx_ll_usb.o(i.USB_ReadPMA)
    USB_SetDevAddress                        0x08005fb9   Thumb Code    16  stm32l0xx_ll_usb.o(i.USB_SetDevAddress)
    USB_WritePMA                             0x08005fc9   Thumb Code    58  stm32l0xx_ll_usb.o(i.USB_WritePMA)
    __ARM_common_ll_muluu                    0x08006003   Thumb Code    48  stm32l0xx_hal_uart.o(i.__ARM_common_ll_muluu)
    __ARM_common_switch8                     0x08006033   Thumb Code    28  stm32l0xx_hal_tim.o(i.__ARM_common_switch8)
    __aeabi_assert                           0x08006051   Thumb Code   110  retarget_io.o(i.__aeabi_assert)
    __scatterload_copy                       0x080060ed   Thumb Code    14  handlers.o(i.__scatterload_copy)
    __scatterload_null                       0x080060fb   Thumb Code     2  handlers.o(i.__scatterload_null)
    __scatterload_zeroinit                   0x080060fd   Thumb Code    14  handlers.o(i.__scatterload_zeroinit)
    abort                                    0x0800610b   Thumb Code     4  retarget_io.o(i.abort)
    eMBEnable                                0x08006111   Thumb Code    32  mb.o(i.eMBEnable)
    eMBFuncReadCoils                         0x08006139   Thumb Code   186  mbfunccoils.o(i.eMBFuncReadCoils)
    eMBFuncReadDiscreteInputs                0x080061f3   Thumb Code   184  mbfuncdisc.o(i.eMBFuncReadDiscreteInputs)
    eMBFuncReadHoldingRegister               0x080062ab   Thumb Code   138  mbfuncholding.o(i.eMBFuncReadHoldingRegister)
    eMBFuncReadInputRegister                 0x08006335   Thumb Code   138  mbfuncinput.o(i.eMBFuncReadInputRegister)
    eMBFuncReadWriteMultipleHoldingRegister  0x080063bf   Thumb Code   224  mbfuncholding.o(i.eMBFuncReadWriteMultipleHoldingRegister)
    eMBFuncReportSlaveID                     0x080064a1   Thumb Code    30  mbfuncother.o(i.eMBFuncReportSlaveID)
    eMBFuncWriteCoil                         0x080064c9   Thumb Code   112  mbfunccoils.o(i.eMBFuncWriteCoil)
    eMBFuncWriteHoldingRegister              0x08006539   Thumb Code    64  mbfuncholding.o(i.eMBFuncWriteHoldingRegister)
    eMBFuncWriteMultipleCoils                0x08006579   Thumb Code   154  mbfunccoils.o(i.eMBFuncWriteMultipleCoils)
    eMBFuncWriteMultipleHoldingRegister      0x08006613   Thumb Code   108  mbfuncholding.o(i.eMBFuncWriteMultipleHoldingRegister)
    eMBInit                                  0x08006681   Thumb Code   148  mb.o(i.eMBInit)
    eMBPoll                                  0x0800675d   Thumb Code   282  mb.o(i.eMBPoll)
    eMBRTUInit                               0x080068a5   Thumb Code    78  mbrtu.o(i.eMBRTUInit)
    eMBRTUReceive                            0x080068f9   Thumb Code    92  mbrtu.o(i.eMBRTUReceive)
    eMBRTUSend                               0x080069a9   Thumb Code   116  mbrtu.o(i.eMBRTUSend)
    eMBRTUStart                              0x08006a31   Thumb Code    26  mbrtu.o(i.eMBRTUStart)
    eMBRTUStop                               0x08006a51   Thumb Code    20  mbrtu.o(i.eMBRTUStop)
    eMBRegCoilsCB                            0x08006a65   Thumb Code   148  main.o(i.eMBRegCoilsCB)
    eMBRegDiscreteCB                         0x08006b01   Thumb Code    84  main.o(i.eMBRegDiscreteCB)
    eMBRegHoldingCB                          0x08006b5d   Thumb Code   124  main.o(i.eMBRegHoldingCB)
    eMBRegInputCB                            0x08006be5   Thumb Code    68  main.o(i.eMBRegInputCB)
    fputc                                    0x08006c31   Thumb Code    26  retarget_io.o(i.fputc)
    fputs                                    0x08006c51   Thumb Code    24  fputs.o(i.fputs)
    main                                     0x08006c69   Thumb Code   144  main.o(i.main)
    prveMBError2Exception                    0x08006d09   Thumb Code    36  mbutils.o(i.prveMBError2Exception)
    usMBCRC16                                0x08006d31   Thumb Code    46  mbcrc.o(i.usMBCRC16)
    vMBPortSerialEnable                      0x08006d69   Thumb Code    78  portserial.o(i.vMBPortSerialEnable)
    vMBPortTimersDisable                     0x08006dbd   Thumb Code    10  porttimer.o(i.vMBPortTimersDisable)
    vMBPortTimersEnable                      0x08006dcd   Thumb Code    18  porttimer.o(i.vMBPortTimersEnable)
    xMBPortEventGet                          0x08006ded   Thumb Code    28  portevent.o(i.xMBPortEventGet)
    xMBPortEventInit                         0x08006e11   Thumb Code    10  portevent.o(i.xMBPortEventInit)
    xMBPortEventPost                         0x08006e21   Thumb Code    16  portevent.o(i.xMBPortEventPost)
    xMBPortSerialGetByte                     0x08006e39   Thumb Code    14  portserial.o(i.xMBPortSerialGetByte)
    xMBPortSerialInit                        0x08006e4d   Thumb Code    40  portserial.o(i.xMBPortSerialInit)
    xMBPortSerialPutByte                     0x08006e7d   Thumb Code    28  portserial.o(i.xMBPortSerialPutByte)
    xMBPortTimersInit                        0x08006e9d   Thumb Code    84  porttimer.o(i.xMBPortTimersInit)
    xMBRTUReceiveFSM                         0x08006f01   Thumb Code   146  mbrtu.o(i.xMBRTUReceiveFSM)
    xMBRTUTimerT35Expired                    0x08006fe5   Thumb Code   100  mbrtu.o(i.xMBRTUTimerT35Expired)
    xMBRTUTransmitFSM                        0x08007075   Thumb Code   120  mbrtu.o(i.xMBRTUTransmitFSM)
    xMBUtilGetBits                           0x0800713d   Thumb Code    50  mbutils.o(i.xMBUtilGetBits)
    xMBUtilSetBits                           0x08007171   Thumb Code   108  mbutils.o(i.xMBUtilSetBits)
    AHBPrescTable                            0x08007418   Data          16  system_stm32l0xx.o(.constdata)
    APBPrescTable                            0x08007428   Data           8  system_stm32l0xx.o(.constdata)
    PLLMulTable                              0x08007430   Data           9  system_stm32l0xx.o(.constdata)
    Region$$Table$$Base                      0x080074a0   Number         0  anon$$obj.o(Region$$Table)
    Region$$Table$$Limit                     0x080074c0   Number         0  anon$$obj.o(Region$$Table)
    timeout                                  0x20000004   Data           2  porttimer.o(.data)
    downcounter                              0x20000006   Data           2  porttimer.o(.data)
    pxMBFrameCBByteReceived                  0x20000020   Data           4  mb.o(.data)
    pxMBFrameCBTransmitterEmpty              0x20000024   Data           4  mb.o(.data)
    pxMBPortCBTimerExpired                   0x20000028   Data           4  mb.o(.data)
    pxMBFrameCBReceiveFSMCur                 0x2000002c   Data           4  mb.o(.data)
    pxMBFrameCBTransmitFSMCur                0x20000030   Data           4  mb.o(.data)
    FS_Desc                                  0x200000d4   Data          28  usbd_desc.o(.data)
    USBD_FS_DeviceDesc                       0x200000f0   Data          18  usbd_desc.o(.data)
    USBD_LangIDDesc                          0x20000104   Data           4  usbd_desc.o(.data)
    USBD_StringSerial                        0x20000108   Data          26  usbd_desc.o(.data)
    USBD_Interface_fops_FS                   0x20000124   Data          16  usbd_cdc_if.o(.data)
    uwTick                                   0x20000134   Data           4  stm32l0xx_hal.o(.data)
    SystemCoreClock                          0x20000138   Data           4  system_stm32l0xx.o(.data)
    USBD_CDC                                 0x2000014c   Data          56  usbd_cdc.o(.data)
    USBD_CDC_CfgHSDesc                       0x20000184   Data          67  usbd_cdc.o(.data)
    USBD_CDC_CfgFSDesc                       0x200001c8   Data          67  usbd_cdc.o(.data)
    USBD_CDC_OtherSpeedCfgDesc               0x2000020c   Data          67  usbd_cdc.o(.data)
    __stderr                                 0x20000250   Data           4  stderr.o(.data)
    ucRTUBuf                                 0x20000274   Data         256  mbrtu.o(.bss)
    hadc                                     0x20000374   Data          92  main.o(.bss)
    hdma_adc                                 0x200003d0   Data          72  main.o(.bss)
    hi2c1                                    0x20000418   Data          76  main.o(.bss)
    hlpuart1                                 0x20000464   Data         128  main.o(.bss)
    huart1                                   0x200004e4   Data         128  main.o(.bss)
    htim7                                    0x20000564   Data          60  main.o(.bss)
    value_adc                                0x20000678   Data          16  main.o(.bss)
    hUsbDeviceFS                             0x20000688   Data         668  usb_device.o(.bss)
    hpcd_USB_FS                              0x20000924   Data         628  usbd_conf.o(.bss)
    USBD_StrDesc                             0x20000db8   Data         512  usbd_desc.o(.bss)
    UserRxBufferFS                           0x20000fb8   Data        1000  usbd_cdc_if.o(.bss)
    UserTxBufferFS                           0x200013a0   Data        1000  usbd_cdc_if.o(.bss)
    __initial_sp                             0x20001b88   Data           0  startup_stm32l073xx.o(STACK)



==============================================================================

Memory Map of the image

  Image Entry point : 0x080000c1

  Load Region LR_IROM1 (Base: 0x08000000, Size: 0x00007714, Max: 0x00030000, ABSOLUTE, COMPRESSED[0x000075c4])

    Execution Region ER_IROM1 (Exec base: 0x08000000, Load base: 0x08000000, Size: 0x000074c0, Max: 0x00030000, ABSOLUTE)

    Exec Addr    Load Addr    Size         Type   Attr      Idx    E Section Name        Object

    0x08000000   0x08000000   0x000000c0   Data   RO            3    RESET               startup_stm32l073xx.o
    0x080000c0   0x080000c0   0x00000000   Code   RO         5237  * .ARM.Collect$$$$00000000  mc_p.l(entry.o)
    0x080000c0   0x080000c0   0x00000004   Code   RO         5257    .ARM.Collect$$$$00000001  mc_p.l(entry2.o)
    0x080000c4   0x080000c4   0x00000004   Code   RO         5260    .ARM.Collect$$$$00000004  mc_p.l(entry5.o)
    0x080000c8   0x080000c8   0x00000000   Code   RO         5262    .ARM.Collect$$$$00000008  mc_p.l(entry7b.o)
    0x080000c8   0x080000c8   0x00000000   Code   RO         5264    .ARM.Collect$$$$0000000A  mc_p.l(entry8b.o)
    0x080000c8   0x080000c8   0x00000008   Code   RO         5265    .ARM.Collect$$$$0000000B  mc_p.l(entry9a.o)
    0x080000d0   0x080000d0   0x00000000   Code   RO         5267    .ARM.Collect$$$$0000000D  mc_p.l(entry10a.o)
    0x080000d0   0x080000d0   0x00000000   Code   RO         5269    .ARM.Collect$$$$0000000F  mc_p.l(entry11a.o)
    0x080000d0   0x080000d0   0x00000004   Code   RO         5258    .ARM.Collect$$$$00002712  mc_p.l(entry2.o)
    0x080000d4   0x080000d4   0x0000001c   Code   RO            4    .text               startup_stm32l073xx.o
    0x080000f0   0x080000f0   0x0000002c   Code   RO         5245    .text               mc_p.l(uidiv.o)
    0x0800011c   0x0800011c   0x00000028   Code   RO         5247    .text               mc_p.l(idiv.o)
    0x08000144   0x08000144   0x00000060   Code   RO         5249    .text               mc_p.l(uldiv.o)
    0x080001a4   0x080001a4   0x00000024   Code   RO         5251    .text               mc_p.l(memcpya.o)
    0x080001c8   0x080001c8   0x00000024   Code   RO         5253    .text               mc_p.l(memseta.o)
    0x080001ec   0x080001ec   0x00000020   Code   RO         5271    .text               mc_p.l(llshl.o)
    0x0800020c   0x0800020c   0x00000022   Code   RO         5273    .text               mc_p.l(llushr.o)
    0x0800022e   0x0800022e   0x00000002   PAD
    0x08000230   0x08000230   0x00000024   Code   RO         5275    .text               mc_p.l(init.o)
    0x08000254   0x08000254   0x00000056   Code   RO         5285    .text               mc_p.l(__dczerorl2.o)
    0x080002aa   0x080002aa   0x00000088   Code   RO         1726    i.ADC_DMAConvCplt   stm32l0xx_hal_adc.o
    0x08000332   0x08000332   0x0000001e   Code   RO         1727    i.ADC_DMAError      stm32l0xx_hal_adc.o
    0x08000350   0x08000350   0x0000000e   Code   RO         1728    i.ADC_DMAHalfConvCplt  stm32l0xx_hal_adc.o
    0x0800035e   0x0800035e   0x00000002   PAD
    0x08000360   0x08000360   0x0000002c   Code   RO         1729    i.ADC_DelayMicroSecond  stm32l0xx_hal_adc.o
    0x0800038c   0x0800038c   0x000000a4   Code   RO         1731    i.ADC_Enable        stm32l0xx_hal_adc.o
    0x08000430   0x08000430   0x00000046   Code   RO         1069    i.CDC_Control_FS    usbd_cdc_if.o
    0x08000476   0x08000476   0x00000004   Code   RO         1070    i.CDC_DeInit_FS     usbd_cdc_if.o
    0x0800047a   0x0800047a   0x00000002   PAD
    0x0800047c   0x0800047c   0x00000024   Code   RO         1071    i.CDC_Init_FS       usbd_cdc_if.o
    0x080004a0   0x080004a0   0x0000001c   Code   RO         1072    i.CDC_Receive_FS    usbd_cdc_if.o
    0x080004bc   0x080004bc   0x00000010   Code   RO         1117    i.DMA1_Channel1_IRQHandler  stm32l0xx_it.o
    0x080004cc   0x080004cc   0x0000002e   Code   RO         4391    i.DMA_SetConfig     stm32l0xx_hal_dma.o
    0x080004fa   0x080004fa   0x00000002   Code   RO          609    i.Error_Handler     main.o
    0x080004fc   0x080004fc   0x00000030   Code   RO          983    i.Get_SerialNum     usbd_desc.o
    0x0800052c   0x0800052c   0x00000148   Code   RO         1733    i.HAL_ADC_ConfigChannel  stm32l0xx_hal_adc.o
    0x08000674   0x08000674   0x00000002   Code   RO         1734    i.HAL_ADC_ConvCpltCallback  stm32l0xx_hal_adc.o
    0x08000676   0x08000676   0x00000002   Code   RO         1735    i.HAL_ADC_ConvHalfCpltCallback  stm32l0xx_hal_adc.o
    0x08000678   0x08000678   0x00000002   Code   RO         1737    i.HAL_ADC_ErrorCallback  stm32l0xx_hal_adc.o
    0x0800067a   0x0800067a   0x00000002   PAD
    0x0800067c   0x0800067c   0x0000023c   Code   RO         1742    i.HAL_ADC_Init      stm32l0xx_hal_adc.o
    0x080008b8   0x080008b8   0x000000a4   Code   RO         1190    i.HAL_ADC_MspInit   stm32l0xx_hal_msp.o
    0x0800095c   0x0800095c   0x000000c0   Code   RO         1749    i.HAL_ADC_Start_DMA  stm32l0xx_hal_adc.o
    0x08000a1c   0x08000a1c   0x0000005c   Code   RO         4393    i.HAL_DMA_Abort_IT  stm32l0xx_hal_dma.o
    0x08000a78   0x08000a78   0x00000108   Code   RO         4397    i.HAL_DMA_IRQHandler  stm32l0xx_hal_dma.o
    0x08000b80   0x08000b80   0x000000a8   Code   RO         4398    i.HAL_DMA_Init      stm32l0xx_hal_dma.o
    0x08000c28   0x08000c28   0x0000009a   Code   RO         4402    i.HAL_DMA_Start_IT  stm32l0xx_hal_dma.o
    0x08000cc2   0x08000cc2   0x00000002   PAD
    0x08000cc4   0x08000cc4   0x000001f8   Code   RO         4332    i.HAL_GPIO_Init     stm32l0xx_hal_gpio.o
    0x08000ebc   0x08000ebc   0x00000008   Code   RO         4335    i.HAL_GPIO_TogglePin  stm32l0xx_hal_gpio.o
    0x08000ec4   0x08000ec4   0x0000000c   Code   RO         4336    i.HAL_GPIO_WritePin  stm32l0xx_hal_gpio.o
    0x08000ed0   0x08000ed0   0x0000000c   Code   RO         3611    i.HAL_GetTick       stm32l0xx_hal.o
    0x08000edc   0x08000edc   0x0000006e   Code   RO         2415    i.HAL_I2CEx_ConfigAnalogFilter  stm32l0xx_hal_i2c_ex.o
    0x08000f4a   0x08000f4a   0x00000070   Code   RO         2416    i.HAL_I2CEx_ConfigDigitalFilter  stm32l0xx_hal_i2c_ex.o
    0x08000fba   0x08000fba   0x00000002   PAD
    0x08000fbc   0x08000fbc   0x000000d4   Code   RO         1973    i.HAL_I2C_Init      stm32l0xx_hal_i2c.o
    0x08001090   0x08001090   0x0000006c   Code   RO         1192    i.HAL_I2C_MspInit   stm32l0xx_hal_msp.o
    0x080010fc   0x080010fc   0x00000010   Code   RO         3615    i.HAL_IncTick       stm32l0xx_hal.o
    0x0800110c   0x0800110c   0x0000002c   Code   RO         3616    i.HAL_Init          stm32l0xx_hal.o
    0x08001138   0x08001138   0x00000034   Code   RO         3617    i.HAL_InitTick      stm32l0xx_hal.o
    0x0800116c   0x0800116c   0x00000020   Code   RO         1193    i.HAL_MspInit       stm32l0xx_hal_msp.o
    0x0800118c   0x0800118c   0x00000018   Code   RO         4659    i.HAL_NVIC_EnableIRQ  stm32l0xx_hal_cortex.o
    0x080011a4   0x080011a4   0x00000012   Code   RO         4663    i.HAL_NVIC_SetPriority  stm32l0xx_hal_cortex.o
    0x080011b6   0x080011b6   0x00000026   Code   RO         1469    i.HAL_PCDEx_ActivateBCD  stm32l0xx_hal_pcd_ex.o
    0x080011dc   0x080011dc   0x00000032   Code   RO         1470    i.HAL_PCDEx_ActivateLPM  stm32l0xx_hal_pcd_ex.o
    0x0800120e   0x0800120e   0x00000002   Code   RO         1475    i.HAL_PCDEx_LPM_Callback  stm32l0xx_hal_pcd_ex.o
    0x08001210   0x08001210   0x0000003e   Code   RO         1476    i.HAL_PCDEx_PMAConfig  stm32l0xx_hal_pcd_ex.o
    0x0800124e   0x0800124e   0x0000001e   Code   RO          777    i.HAL_PCD_DataInStageCallback  usbd_conf.o
    0x0800126c   0x0800126c   0x00000020   Code   RO          778    i.HAL_PCD_DataOutStageCallback  usbd_conf.o
    0x0800128c   0x0800128c   0x0000006c   Code   RO         1267    i.HAL_PCD_EP_Close  stm32l0xx_hal_pcd.o
    0x080012f8   0x080012f8   0x0000007e   Code   RO         1268    i.HAL_PCD_EP_ClrStall  stm32l0xx_hal_pcd.o
    0x08001376   0x08001376   0x00000012   Code   RO         1270    i.HAL_PCD_EP_GetRxCount  stm32l0xx_hal_pcd.o
    0x08001388   0x08001388   0x0000008e   Code   RO         1271    i.HAL_PCD_EP_Open   stm32l0xx_hal_pcd.o
    0x08001416   0x08001416   0x00000048   Code   RO         1272    i.HAL_PCD_EP_Receive  stm32l0xx_hal_pcd.o
    0x0800145e   0x0800145e   0x00000090   Code   RO         1273    i.HAL_PCD_EP_SetStall  stm32l0xx_hal_pcd.o
    0x080014ee   0x080014ee   0x00000048   Code   RO         1274    i.HAL_PCD_EP_Transmit  stm32l0xx_hal_pcd.o
    0x08001536   0x08001536   0x00000002   PAD
    0x08001538   0x08001538   0x00000200   Code   RO         1276    i.HAL_PCD_IRQHandler  stm32l0xx_hal_pcd.o
    0x08001738   0x08001738   0x00000130   Code   RO         1279    i.HAL_PCD_Init      stm32l0xx_hal_pcd.o
    0x08001868   0x08001868   0x00000034   Code   RO          783    i.HAL_PCD_MspInit   usbd_conf.o
    0x0800189c   0x0800189c   0x00000028   Code   RO          784    i.HAL_PCD_ResetCallback  usbd_conf.o
    0x080018c4   0x080018c4   0x0000002c   Code   RO          785    i.HAL_PCD_ResumeCallback  usbd_conf.o
    0x080018f0   0x080018f0   0x00000010   Code   RO          786    i.HAL_PCD_SOFCallback  usbd_conf.o
    0x08001900   0x08001900   0x00000042   Code   RO         1285    i.HAL_PCD_SetAddress  stm32l0xx_hal_pcd.o
    0x08001942   0x08001942   0x00000016   Code   RO          787    i.HAL_PCD_SetupStageCallback  usbd_conf.o
    0x08001958   0x08001958   0x00000040   Code   RO         1287    i.HAL_PCD_Start     stm32l0xx_hal_pcd.o
    0x08001998   0x08001998   0x00000028   Code   RO          788    i.HAL_PCD_SuspendCallback  usbd_conf.o
    0x080019c0   0x080019c0   0x000002a8   Code   RO         3896    i.HAL_RCCEx_PeriphCLKConfig  stm32l0xx_hal_rcc_ex.o
    0x08001c68   0x08001c68   0x00000208   Code   RO         3787    i.HAL_RCC_ClockConfig  stm32l0xx_hal_rcc.o
    0x08001e70   0x08001e70   0x0000000c   Code   RO         3791    i.HAL_RCC_GetHCLKFreq  stm32l0xx_hal_rcc.o
    0x08001e7c   0x08001e7c   0x00000024   Code   RO         3793    i.HAL_RCC_GetPCLK1Freq  stm32l0xx_hal_rcc.o
    0x08001ea0   0x08001ea0   0x00000024   Code   RO         3794    i.HAL_RCC_GetPCLK2Freq  stm32l0xx_hal_rcc.o
    0x08001ec4   0x08001ec4   0x000000d0   Code   RO         3795    i.HAL_RCC_GetSysClockFreq  stm32l0xx_hal_rcc.o
    0x08001f94   0x08001f94   0x000006f4   Code   RO         3798    i.HAL_RCC_OscConfig  stm32l0xx_hal_rcc.o
    0x08002688   0x08002688   0x00000038   Code   RO         4667    i.HAL_SYSTICK_Config  stm32l0xx_hal_cortex.o
    0x080026c0   0x080026c0   0x0000005c   Code   RO         3572    i.HAL_TIMEx_MasterConfigSynchronization  stm32l0xx_hal_tim_ex.o
    0x0800271c   0x0800271c   0x00000038   Code   RO         2893    i.HAL_TIM_Base_Init  stm32l0xx_hal_tim.o
    0x08002754   0x08002754   0x00000034   Code   RO         1195    i.HAL_TIM_Base_MspInit  stm32l0xx_hal_msp.o
    0x08002788   0x08002788   0x0000002a   Code   RO         2898    i.HAL_TIM_Base_Start_IT  stm32l0xx_hal_tim.o
    0x080027b2   0x080027b2   0x00000002   PAD
    0x080027b4   0x080027b4   0x00000034   Code   RO         2901    i.HAL_TIM_Base_Stop_IT  stm32l0xx_hal_tim.o
    0x080027e8   0x080027e8   0x00000002   Code   RO         2922    i.HAL_TIM_IC_CaptureCallback  stm32l0xx_hal_tim.o
    0x080027ea   0x080027ea   0x0000017c   Code   RO         2936    i.HAL_TIM_IRQHandler  stm32l0xx_hal_tim.o
    0x08002966   0x08002966   0x00000002   Code   RO         2939    i.HAL_TIM_OC_DelayElapsedCallback  stm32l0xx_hal_tim.o
    0x08002968   0x08002968   0x00000002   Code   RO         2966    i.HAL_TIM_PWM_PulseFinishedCallback  stm32l0xx_hal_tim.o
    0x0800296a   0x0800296a   0x00000002   Code   RO         2974    i.HAL_TIM_PeriodElapsedCallback  stm32l0xx_hal_tim.o
    0x0800296c   0x0800296c   0x00000002   Code   RO         2979    i.HAL_TIM_TriggerCallback  stm32l0xx_hal_tim.o
    0x0800296e   0x0800296e   0x00000002   Code   RO         2831    i.HAL_UARTEx_WakeupCallback  stm32l0xx_hal_uart_ex.o
    0x08002970   0x08002970   0x00000002   Code   RO         2487    i.HAL_UART_ErrorCallback  stm32l0xx_hal_uart.o
    0x08002972   0x08002972   0x00000002   PAD
    0x08002974   0x08002974   0x000001cc   Code   RO         2490    i.HAL_UART_IRQHandler  stm32l0xx_hal_uart.o
    0x08002b40   0x08002b40   0x0000007e   Code   RO         2491    i.HAL_UART_Init     stm32l0xx_hal_uart.o
    0x08002bbe   0x08002bbe   0x00000002   PAD
    0x08002bc0   0x08002bc0   0x000000d8   Code   RO         1197    i.HAL_UART_MspInit  stm32l0xx_hal_msp.o
    0x08002c98   0x08002c98   0x00000100   Code   RO         2499    i.HAL_UART_Transmit  stm32l0xx_hal_uart.o
    0x08002d98   0x08002d98   0x00000002   Code   RO         2502    i.HAL_UART_TxCpltCallback  stm32l0xx_hal_uart.o
    0x08002d9a   0x08002d9a   0x00000004   Code   RO         1118    i.HardFault_Handler  stm32l0xx_it.o
    0x08002d9e   0x08002d9e   0x00000036   Code   RO          984    i.IntToUnicode      usbd_desc.o
    0x08002dd4   0x08002dd4   0x0000012c   Code   RO          610    i.MX_ADC_Init       main.o
    0x08002f00   0x08002f00   0x00000034   Code   RO          611    i.MX_DMA_Init       main.o
    0x08002f34   0x08002f34   0x000000c0   Code   RO          612    i.MX_GPIO_Init      main.o
    0x08002ff4   0x08002ff4   0x0000005c   Code   RO          613    i.MX_I2C1_Init      main.o
    0x08003050   0x08003050   0x00000040   Code   RO          614    i.MX_LPUART1_UART_Init  main.o
    0x08003090   0x08003090   0x0000004c   Code   RO          615    i.MX_TIM7_Init      main.o
    0x080030dc   0x080030dc   0x00000044   Code   RO          616    i.MX_USART1_UART_Init  main.o
    0x08003120   0x08003120   0x00000054   Code   RO          732    i.MX_USB_DEVICE_Init  usb_device.o
    0x08003174   0x08003174   0x00000002   Code   RO         1119    i.NMI_Handler       stm32l0xx_it.o
    0x08003176   0x08003176   0x00000002   PAD
    0x08003178   0x08003178   0x00000078   Code   RO         4669    i.NVIC_SetPriority  stm32l0xx_hal_cortex.o
    0x080031f0   0x080031f0   0x000003c4   Code   RO         1290    i.PCD_EP_ISR_Handler  stm32l0xx_hal_pcd.o
    0x080035b4   0x080035b4   0x00000002   Code   RO         1120    i.PendSV_Handler    stm32l0xx_it.o
    0x080035b6   0x080035b6   0x00000002   Code   RO         1121    i.SVC_Handler       stm32l0xx_it.o
    0x080035b8   0x080035b8   0x00000008   Code   RO         1122    i.SysTick_Handler   stm32l0xx_it.o
    0x080035c0   0x080035c0   0x00000008   Code   RO          789    i.SystemClockConfig_Resume  usbd_conf.o
    0x080035c8   0x080035c8   0x000000a4   Code   RO          617    i.SystemClock_Config  main.o
    0x0800366c   0x0800366c   0x00000068   Code   RO         4767    i.SystemInit        system_stm32l0xx.o
    0x080036d4   0x080036d4   0x0000005c   Code   RO         1123    i.TIM7_IRQHandler   stm32l0xx_it.o
    0x08003730   0x08003730   0x0000007c   Code   RO         2981    i.TIM_Base_SetConfig  stm32l0xx_hal_tim.o
    0x080037ac   0x080037ac   0x000000f0   Code   RO         2504    i.UART_AdvFeatureConfig  stm32l0xx_hal_uart.o
    0x0800389c   0x0800389c   0x00000070   Code   RO         2505    i.UART_CheckIdleState  stm32l0xx_hal_uart.o
    0x0800390c   0x0800390c   0x00000018   Code   RO         2506    i.UART_DMAAbortOnError  stm32l0xx_hal_uart.o
    0x08003924   0x08003924   0x00000024   Code   RO         2516    i.UART_EndRxTransfer  stm32l0xx_hal_uart.o
    0x08003948   0x08003948   0x00000020   Code   RO         2517    i.UART_EndTransmit_IT  stm32l0xx_hal_uart.o
    0x08003968   0x08003968   0x00000400   Code   RO         2521    i.UART_SetConfig    stm32l0xx_hal_uart.o
    0x08003d68   0x08003d68   0x0000006c   Code   RO         2524    i.UART_WaitOnFlagUntilTimeout  stm32l0xx_hal_uart.o
    0x08003dd4   0x08003dd4   0x00000084   Code   RO         1124    i.USART1_IRQHandler  stm32l0xx_it.o
    0x08003e58   0x08003e58   0x0000007a   Code   RO         5080    i.USBD_CDC_DataIn   usbd_cdc.o
    0x08003ed2   0x08003ed2   0x00000048   Code   RO         5081    i.USBD_CDC_DataOut  usbd_cdc.o
    0x08003f1a   0x08003f1a   0x00000062   Code   RO         5082    i.USBD_CDC_DeInit   usbd_cdc.o
    0x08003f7c   0x08003f7c   0x00000048   Code   RO         5083    i.USBD_CDC_EP0_RxReady  usbd_cdc.o
    0x08003fc4   0x08003fc4   0x00000010   Code   RO         5084    i.USBD_CDC_GetDeviceQualifierDescriptor  usbd_cdc.o
    0x08003fd4   0x08003fd4   0x00000010   Code   RO         5085    i.USBD_CDC_GetFSCfgDesc  usbd_cdc.o
    0x08003fe4   0x08003fe4   0x00000010   Code   RO         5086    i.USBD_CDC_GetHSCfgDesc  usbd_cdc.o
    0x08003ff4   0x08003ff4   0x00000010   Code   RO         5087    i.USBD_CDC_GetOtherSpeedCfgDesc  usbd_cdc.o
    0x08004004   0x08004004   0x000000d2   Code   RO         5088    i.USBD_CDC_Init     usbd_cdc.o
    0x080040d6   0x080040d6   0x00000048   Code   RO         5089    i.USBD_CDC_ReceivePacket  usbd_cdc.o
    0x0800411e   0x0800411e   0x00000014   Code   RO         5090    i.USBD_CDC_RegisterInterface  usbd_cdc.o
    0x08004132   0x08004132   0x00000014   Code   RO         5091    i.USBD_CDC_SetRxBuffer  usbd_cdc.o
    0x08004146   0x08004146   0x0000001c   Code   RO         5092    i.USBD_CDC_SetTxBuffer  usbd_cdc.o
    0x08004162   0x08004162   0x00000112   Code   RO         5093    i.USBD_CDC_Setup    usbd_cdc.o
    0x08004274   0x08004274   0x0000001a   Code   RO         4799    i.USBD_ClrClassConfig  usbd_core.o
    0x0800428e   0x0800428e   0x00000044   Code   RO         4933    i.USBD_ClrFeature   usbd_ctlreq.o
    0x080042d2   0x080042d2   0x00000018   Code   RO         5024    i.USBD_CtlContinueRx  usbd_ioreq.o
    0x080042ea   0x080042ea   0x00000018   Code   RO         5025    i.USBD_CtlContinueSendData  usbd_ioreq.o
    0x08004302   0x08004302   0x00000018   Code   RO         4934    i.USBD_CtlError     usbd_ctlreq.o
    0x0800431a   0x0800431a   0x0000002a   Code   RO         5026    i.USBD_CtlPrepareRx  usbd_ioreq.o
    0x08004344   0x08004344   0x0000001c   Code   RO         5027    i.USBD_CtlReceiveStatus  usbd_ioreq.o
    0x08004360   0x08004360   0x00000024   Code   RO         5028    i.USBD_CtlSendData  usbd_ioreq.o
    0x08004384   0x08004384   0x0000001c   Code   RO         5029    i.USBD_CtlSendStatus  usbd_ioreq.o
    0x080043a0   0x080043a0   0x00000034   Code   RO          985    i.USBD_FS_ConfigStrDescriptor  usbd_desc.o
    0x080043d4   0x080043d4   0x00000010   Code   RO          986    i.USBD_FS_DeviceDescriptor  usbd_desc.o
    0x080043e4   0x080043e4   0x00000038   Code   RO          987    i.USBD_FS_InterfaceStrDescriptor  usbd_desc.o
    0x0800441c   0x0800441c   0x00000010   Code   RO          988    i.USBD_FS_LangIDStrDescriptor  usbd_desc.o
    0x0800442c   0x0800442c   0x0000002c   Code   RO          989    i.USBD_FS_ManufacturerStrDescriptor  usbd_desc.o
    0x08004458   0x08004458   0x00000040   Code   RO          990    i.USBD_FS_ProductStrDescriptor  usbd_desc.o
    0x08004498   0x08004498   0x00000018   Code   RO          991    i.USBD_FS_SerialStrDescriptor  usbd_desc.o
    0x080044b0   0x080044b0   0x0000005a   Code   RO         4935    i.USBD_GetConfig    usbd_ctlreq.o
    0x0800450a   0x0800450a   0x00000188   Code   RO         4936    i.USBD_GetDescriptor  usbd_ctlreq.o
    0x08004692   0x08004692   0x00000014   Code   RO         4937    i.USBD_GetLen       usbd_ctlreq.o
    0x080046a6   0x080046a6   0x00000062   Code   RO         4938    i.USBD_GetStatus    usbd_ctlreq.o
    0x08004708   0x08004708   0x0000004e   Code   RO         4939    i.USBD_GetString    usbd_ctlreq.o
    0x08004756   0x08004756   0x0000002e   Code   RO          790    i.USBD_Get_USB_Status  usbd_conf.o
    0x08004784   0x08004784   0x00000048   Code   RO         4801    i.USBD_Init         usbd_core.o
    0x080047cc   0x080047cc   0x00000026   Code   RO          791    i.USBD_LL_ClearStallEP  usbd_conf.o
    0x080047f2   0x080047f2   0x00000026   Code   RO          792    i.USBD_LL_CloseEP   usbd_conf.o
    0x08004818   0x08004818   0x0000012c   Code   RO         4802    i.USBD_LL_DataInStage  usbd_core.o
    0x08004944   0x08004944   0x000000c4   Code   RO         4803    i.USBD_LL_DataOutStage  usbd_core.o
    0x08004a08   0x08004a08   0x00000016   Code   RO          796    i.USBD_LL_GetRxDataSize  usbd_conf.o
    0x08004a1e   0x08004a1e   0x00000002   PAD
    0x08004a20   0x08004a20   0x000000a8   Code   RO          797    i.USBD_LL_Init      usbd_conf.o
    0x08004ac8   0x08004ac8   0x00000032   Code   RO          798    i.USBD_LL_IsStallEP  usbd_conf.o
    0x08004afa   0x08004afa   0x00000030   Code   RO          799    i.USBD_LL_OpenEP    usbd_conf.o
    0x08004b2a   0x08004b2a   0x00000030   Code   RO          800    i.USBD_LL_PrepareReceive  usbd_conf.o
    0x08004b5a   0x08004b5a   0x0000006e   Code   RO         4808    i.USBD_LL_Reset     usbd_core.o
    0x08004bc8   0x08004bc8   0x00000016   Code   RO         4809    i.USBD_LL_Resume    usbd_core.o
    0x08004bde   0x08004bde   0x00000030   Code   RO         4810    i.USBD_LL_SOF       usbd_core.o
    0x08004c0e   0x08004c0e   0x00000008   Code   RO         4811    i.USBD_LL_SetSpeed  usbd_core.o
    0x08004c16   0x08004c16   0x00000026   Code   RO          801    i.USBD_LL_SetUSBAddress  usbd_conf.o
    0x08004c3c   0x08004c3c   0x00000088   Code   RO         4812    i.USBD_LL_SetupStage  usbd_core.o
    0x08004cc4   0x08004cc4   0x00000026   Code   RO          802    i.USBD_LL_StallEP   usbd_conf.o
    0x08004cea   0x08004cea   0x00000022   Code   RO          803    i.USBD_LL_Start     usbd_conf.o
    0x08004d0c   0x08004d0c   0x00000020   Code   RO         4813    i.USBD_LL_Suspend   usbd_core.o
    0x08004d2c   0x08004d2c   0x00000030   Code   RO          805    i.USBD_LL_Transmit  usbd_conf.o
    0x08004d5c   0x08004d5c   0x00000028   Code   RO         4940    i.USBD_ParseSetupRequest  usbd_ctlreq.o
    0x08004d84   0x08004d84   0x00000016   Code   RO         4814    i.USBD_RegisterClass  usbd_core.o
    0x08004d9a   0x08004d9a   0x00000006   Code   RO         4815    i.USBD_RunTestMode  usbd_core.o
    0x08004da0   0x08004da0   0x00000070   Code   RO         4941    i.USBD_SetAddress   usbd_ctlreq.o
    0x08004e10   0x08004e10   0x0000002e   Code   RO         4816    i.USBD_SetClassConfig  usbd_core.o
    0x08004e3e   0x08004e3e   0x00000002   PAD
    0x08004e40   0x08004e40   0x000000f8   Code   RO         4942    i.USBD_SetConfig    usbd_ctlreq.o
    0x08004f38   0x08004f38   0x0000001c   Code   RO         4943    i.USBD_SetFeature   usbd_ctlreq.o
    0x08004f54   0x08004f54   0x0000000e   Code   RO         4817    i.USBD_Start        usbd_core.o
    0x08004f62   0x08004f62   0x000000a8   Code   RO         4944    i.USBD_StdDevReq    usbd_ctlreq.o
    0x0800500a   0x0800500a   0x00000256   Code   RO         4945    i.USBD_StdEPReq     usbd_ctlreq.o
    0x08005260   0x08005260   0x0000008c   Code   RO         4946    i.USBD_StdItfReq    usbd_ctlreq.o
    0x080052ec   0x080052ec   0x00000002   Code   RO          806    i.USBD_static_free  usbd_conf.o
    0x080052ee   0x080052ee   0x00000002   PAD
    0x080052f0   0x080052f0   0x0000000c   Code   RO          807    i.USBD_static_malloc  usbd_conf.o
    0x080052fc   0x080052fc   0x00000474   Code   RO         1531    i.USB_ActivateEndpoint  stm32l0xx_ll_usb.o
    0x08005770   0x08005770   0x00000264   Code   RO         1536    i.USB_DeactivateEndpoint  stm32l0xx_ll_usb.o
    0x080059d4   0x080059d4   0x00000014   Code   RO         1537    i.USB_DevConnect    stm32l0xx_ll_usb.o
    0x080059e8   0x080059e8   0x00000020   Code   RO         1539    i.USB_DevInit       stm32l0xx_ll_usb.o
    0x08005a08   0x08005a08   0x00000018   Code   RO         1540    i.USB_DisableGlobalInt  stm32l0xx_ll_usb.o
    0x08005a20   0x08005a20   0x00000006   Code   RO         1541    i.USB_EP0_OutStart  stm32l0xx_ll_usb.o
    0x08005a26   0x08005a26   0x00000002   PAD
    0x08005a28   0x08005a28   0x000000d0   Code   RO         1542    i.USB_EPClearStall  stm32l0xx_ll_usb.o
    0x08005af8   0x08005af8   0x0000005c   Code   RO         1543    i.USB_EPSetStall    stm32l0xx_ll_usb.o
    0x08005b54   0x08005b54   0x000003f4   Code   RO         1544    i.USB_EPStartXfer   stm32l0xx_ll_usb.o
    0x08005f48   0x08005f48   0x00000018   Code   RO         1545    i.USB_EnableGlobalInt  stm32l0xx_ll_usb.o
    0x08005f60   0x08005f60   0x00000010   Code   RO         1125    i.USB_IRQHandler    stm32l0xx_it.o
    0x08005f70   0x08005f70   0x00000008   Code   RO         1552    i.USB_ReadInterrupts  stm32l0xx_ll_usb.o
    0x08005f78   0x08005f78   0x00000040   Code   RO         1553    i.USB_ReadPMA       stm32l0xx_ll_usb.o
    0x08005fb8   0x08005fb8   0x00000010   Code   RO         1556    i.USB_SetDevAddress  stm32l0xx_ll_usb.o
    0x08005fc8   0x08005fc8   0x0000003a   Code   RO         1559    i.USB_WritePMA      stm32l0xx_ll_usb.o
    0x08006002   0x08006002   0x00000030   Code   RO         2817    i.__ARM_common_ll_muluu  stm32l0xx_hal_uart.o
    0x08006032   0x08006032   0x0000001c   Code   RO         3565    i.__ARM_common_switch8  stm32l0xx_hal_tim.o
    0x0800604e   0x0800604e   0x00000002   PAD
    0x08006050   0x08006050   0x0000009c   Code   RO         5179    i.__aeabi_assert    retarget_io.o
    0x080060ec   0x080060ec   0x0000000e   Code   RO         5279    i.__scatterload_copy  mc_p.l(handlers.o)
    0x080060fa   0x080060fa   0x00000002   Code   RO         5280    i.__scatterload_null  mc_p.l(handlers.o)
    0x080060fc   0x080060fc   0x0000000e   Code   RO         5281    i.__scatterload_zeroinit  mc_p.l(handlers.o)
    0x0800610a   0x0800610a   0x00000004   Code   RO         5181    i.abort             retarget_io.o
    0x0800610e   0x0800610e   0x00000002   PAD
    0x08006110   0x08006110   0x00000028   Code   RO          457    i.eMBEnable         mb.o
    0x08006138   0x08006138   0x000000ba   Code   RO           12    i.eMBFuncReadCoils  mbfunccoils.o
    0x080061f2   0x080061f2   0x000000b8   Code   RO          186    i.eMBFuncReadDiscreteInputs  mbfuncdisc.o
    0x080062aa   0x080062aa   0x0000008a   Code   RO          206    i.eMBFuncReadHoldingRegister  mbfuncholding.o
    0x08006334   0x08006334   0x0000008a   Code   RO          244    i.eMBFuncReadInputRegister  mbfuncinput.o
    0x080063be   0x080063be   0x000000e0   Code   RO          207    i.eMBFuncReadWriteMultipleHoldingRegister  mbfuncholding.o
    0x0800649e   0x0800649e   0x00000002   PAD
    0x080064a0   0x080064a0   0x00000028   Code   RO          264    i.eMBFuncReportSlaveID  mbfuncother.o
    0x080064c8   0x080064c8   0x00000070   Code   RO           13    i.eMBFuncWriteCoil  mbfunccoils.o
    0x08006538   0x08006538   0x00000040   Code   RO          208    i.eMBFuncWriteHoldingRegister  mbfuncholding.o
    0x08006578   0x08006578   0x0000009a   Code   RO           14    i.eMBFuncWriteMultipleCoils  mbfunccoils.o
    0x08006612   0x08006612   0x0000006c   Code   RO          209    i.eMBFuncWriteMultipleHoldingRegister  mbfuncholding.o
    0x0800667e   0x0800667e   0x00000002   PAD
    0x08006680   0x08006680   0x000000dc   Code   RO          458    i.eMBInit           mb.o
    0x0800675c   0x0800675c   0x00000148   Code   RO          459    i.eMBPoll           mb.o
    0x080068a4   0x080068a4   0x00000054   Code   RO          539    i.eMBRTUInit        mbrtu.o
    0x080068f8   0x080068f8   0x000000b0   Code   RO          540    i.eMBRTUReceive     mbrtu.o
    0x080069a8   0x080069a8   0x00000088   Code   RO          541    i.eMBRTUSend        mbrtu.o
    0x08006a30   0x08006a30   0x00000020   Code   RO          542    i.eMBRTUStart       mbrtu.o
    0x08006a50   0x08006a50   0x00000014   Code   RO          543    i.eMBRTUStop        mbrtu.o
    0x08006a64   0x08006a64   0x0000009c   Code   RO          618    i.eMBRegCoilsCB     main.o
    0x08006b00   0x08006b00   0x0000005c   Code   RO          619    i.eMBRegDiscreteCB  main.o
    0x08006b5c   0x08006b5c   0x00000088   Code   RO          620    i.eMBRegHoldingCB   main.o
    0x08006be4   0x08006be4   0x0000004c   Code   RO          621    i.eMBRegInputCB     main.o
    0x08006c30   0x08006c30   0x00000020   Code   RO         5183    i.fputc             retarget_io.o
    0x08006c50   0x08006c50   0x00000018   Code   RO         5240    i.fputs             mc_p.l(fputs.o)
    0x08006c68   0x08006c68   0x000000a0   Code   RO          622    i.main              main.o
    0x08006d08   0x08006d08   0x00000024   Code   RO          293    i.prveMBError2Exception  mbutils.o
    0x08006d2c   0x08006d2c   0x00000004   Code   RO         5184    i.stderr_putchar    retarget_io.o
    0x08006d30   0x08006d30   0x00000038   Code   RO          517    i.usMBCRC16         mbcrc.o
    0x08006d68   0x08006d68   0x00000054   Code   RO          367    i.vMBPortSerialEnable  portserial.o
    0x08006dbc   0x08006dbc   0x00000010   Code   RO          415    i.vMBPortTimersDisable  porttimer.o
    0x08006dcc   0x08006dcc   0x00000020   Code   RO          416    i.vMBPortTimersEnable  porttimer.o
    0x08006dec   0x08006dec   0x00000024   Code   RO          325    i.xMBPortEventGet   portevent.o
    0x08006e10   0x08006e10   0x00000010   Code   RO          326    i.xMBPortEventInit  portevent.o
    0x08006e20   0x08006e20   0x00000018   Code   RO          327    i.xMBPortEventPost  portevent.o
    0x08006e38   0x08006e38   0x00000014   Code   RO          368    i.xMBPortSerialGetByte  portserial.o
    0x08006e4c   0x08006e4c   0x00000030   Code   RO          369    i.xMBPortSerialInit  portserial.o
    0x08006e7c   0x08006e7c   0x00000020   Code   RO          370    i.xMBPortSerialPutByte  portserial.o
    0x08006e9c   0x08006e9c   0x00000064   Code   RO          417    i.xMBPortTimersInit  porttimer.o
    0x08006f00   0x08006f00   0x000000e4   Code   RO          544    i.xMBRTUReceiveFSM  mbrtu.o
    0x08006fe4   0x08006fe4   0x00000090   Code   RO          545    i.xMBRTUTimerT35Expired  mbrtu.o
    0x08007074   0x08007074   0x000000c8   Code   RO          546    i.xMBRTUTransmitFSM  mbrtu.o
    0x0800713c   0x0800713c   0x00000032   Code   RO          294    i.xMBUtilGetBits    mbutils.o
    0x0800716e   0x0800716e   0x00000002   PAD
    0x08007170   0x08007170   0x000000a8   Code   RO          295    i.xMBUtilSetBits    mbutils.o
    0x08007218   0x08007218   0x00000200   Data   RO          518    .constdata          mbcrc.o
    0x08007418   0x08007418   0x00000021   Data   RO         4768    .constdata          system_stm32l0xx.o
    0x08007439   0x08007439   0x00000003   PAD
    0x0800743c   0x0800743c   0x00000063   Data   RO          548    .conststring        mbrtu.o
    0x0800749f   0x0800749f   0x00000001   PAD
    0x080074a0   0x080074a0   0x00000020   Data   RO         5277    Region$$Table       anon$$obj.o


    Execution Region RW_IRAM1 (Exec base: 0x20000000, Load base: 0x080074c0, Size: 0x00001b88, Max: 0x00005000, ABSOLUTE, COMPRESSED[0x00000104])

    Exec Addr    Load Addr    Size         Type   Attr      Idx    E Section Name        Object

    0x20000000   COMPRESSED   0x00000002   Data   RW          267    .data               mbfuncother.o
    0x20000002   COMPRESSED   0x00000002   Data   RW          328    .data               portevent.o
    0x20000004   COMPRESSED   0x00000004   Data   RW          418    .data               porttimer.o
    0x20000008   COMPRESSED   0x000000b5   Data   RW          461    .data               mb.o
    0x200000bd   COMPRESSED   0x00000003   PAD
    0x200000c0   COMPRESSED   0x0000000c   Data   RW          549    .data               mbrtu.o
    0x200000cc   COMPRESSED   0x00000006   Data   RW          624    .data               main.o
    0x200000d2   COMPRESSED   0x00000002   PAD
    0x200000d4   COMPRESSED   0x0000004e   Data   RW          993    .data               usbd_desc.o
    0x20000122   COMPRESSED   0x00000002   PAD
    0x20000124   COMPRESSED   0x00000010   Data   RW         1075    .data               usbd_cdc_if.o
    0x20000134   COMPRESSED   0x00000004   Data   RW         3626    .data               stm32l0xx_hal.o
    0x20000138   COMPRESSED   0x00000004   Data   RW         4769    .data               system_stm32l0xx.o
    0x2000013c   COMPRESSED   0x00000001   Data   RW         4947    .data               usbd_ctlreq.o
    0x2000013d   COMPRESSED   0x00000003   PAD
    0x20000140   COMPRESSED   0x0000010f   Data   RW         5095    .data               usbd_cdc.o
    0x2000024f   COMPRESSED   0x00000001   PAD
    0x20000250   COMPRESSED   0x00000004   Data   RW         5244    .data               mc_p.l(stderr.o)
    0x20000254        -       0x00000020   Zero   RW          266    .bss                mbfuncother.o
    0x20000274        -       0x00000100   Zero   RW          547    .bss                mbrtu.o
    0x20000374        -       0x00000314   Zero   RW          623    .bss                main.o
    0x20000688        -       0x0000029c   Zero   RW          733    .bss                usb_device.o
    0x20000924        -       0x00000494   Zero   RW          808    .bss                usbd_conf.o
    0x20000db8        -       0x00000200   Zero   RW          992    .bss                usbd_desc.o
    0x20000fb8        -       0x000007d0   Zero   RW         1074    .bss                usbd_cdc_if.o
    0x20001788        -       0x00000400   Zero   RW            1    STACK               startup_stm32l073xx.o


==============================================================================

Image component sizes


      Code (inc. data)   RO Data    RW Data    ZI Data      Debug   Object Name

      1630        150          0          6        788      13947   main.o
       588        126          0        181          0       4124   mb.o
        56         10        512          0          0       1232   mbcrc.o
       452          0          0          0          0     426115   mbfunccoils.o
       184          0          0          0          0       1648   mbfuncdisc.o
       534          0          0          0          0       5047   mbfuncholding.o
       138          0          0          0          0       1567   mbfuncinput.o
        40         10          0          2         32       1403   mbfuncother.o
      1020        322         99         12        256       6223   mbrtu.o
       254         60          0          0          0       2730   mbutils.o
        76         22          0          2          0       2156   portevent.o
       184         24          0          0          0       2909   portserial.o
       148         36          0          4          0       2339   porttimer.o
       196         52          0          0          0       3589   retarget_io.o
        28          8        192          0       1024        628   startup_stm32l073xx.o
       124         22          0          4          0       3111   stm32l0xx_hal.o
      1486         62          0          0          0       7601   stm32l0xx_hal_adc.o
       218         26          0          0          0      10685   stm32l0xx_hal_cortex.o
       724         10          0          0          0       4046   stm32l0xx_hal_dma.o
       524         32          0          0          0       2829   stm32l0xx_hal_gpio.o
       212          4          0          0          0       2615   stm32l0xx_hal_i2c.o
       222          0          0          0          0       1883   stm32l0xx_hal_i2c_ex.o
       572         62          0          0          0       3339   stm32l0xx_hal_msp.o
      2592         20          0          0          0      10501   stm32l0xx_hal_pcd.o
       152          0          0          0          0       2943   stm32l0xx_hal_pcd_ex.o
      2592        102          0          0          0       6188   stm32l0xx_hal_rcc.o
       680         12          0          0          0       1512   stm32l0xx_hal_rcc_ex.o
       692         20          0          0          0       6497   stm32l0xx_hal_tim.o
        92          0          0          0          0       1224   stm32l0xx_hal_tim_ex.o
      2470         64          0          0          0       9838   stm32l0xx_hal_uart.o
         2          0          0          0          0        928   stm32l0xx_hal_uart_ex.o
       274         42          0          0          0       4041   stm32l0xx_it.o
      3316         84          0          0          0      14959   stm32l0xx_ll_usb.o
       104         16         33          4          0       1191   system_stm32l0xx.o
        84         16          0          0        668       2463   usb_device.o
      1052         28          0        271          0      12148   usbd_cdc.o
       138         16          0         16       2000       2646   usbd_cdc_if.o
       914         40          0          0       1172      13782   usbd_conf.o
      1038          0          0          0          0       9791   usbd_core.o
      2104         34          0          1          0      10524   usbd_ctlreq.o
       374        114          0         78        512       6241   usbd_desc.o
       182          0          0          0          0       4472   usbd_ioreq.o

    ----------------------------------------------------------------------
     28500       1646        872        592       6452     633655   Object Totals
         0          0         32          0          0          0   (incl. Generated)
        38          0          4         11          0          0   (incl. Padding)

    ----------------------------------------------------------------------

      Code (inc. data)   RO Data    RW Data    ZI Data      Debug   Library Member Name

        86          0          0          0          0          0   __dczerorl2.o
         0          0          0          0          0          0   entry.o
         0          0          0          0          0          0   entry10a.o
         0          0          0          0          0          0   entry11a.o
         8          4          0          0          0          0   entry2.o
         4          0          0          0          0          0   entry5.o
         0          0          0          0          0          0   entry7b.o
         0          0          0          0          0          0   entry8b.o
         8          4          0          0          0          0   entry9a.o
        24          0          0          0          0         72   fputs.o
        30          0          0          0          0          0   handlers.o
        40          0          0          0          0         72   idiv.o
        36          8          0          0          0         68   init.o
        32          0          0          0          0         68   llshl.o
        34          0          0          0          0         68   llushr.o
        36          0          0          0          0         60   memcpya.o
        36          0          0          0          0        100   memseta.o
         0          0          0          4          0          0   stderr.o
        44          0          0          0          0         72   uidiv.o
        96          0          0          0          0         84   uldiv.o

    ----------------------------------------------------------------------
       516         16          0          4          0        664   Library Totals
         2          0          0          0          0          0   (incl. Padding)

    ----------------------------------------------------------------------

      Code (inc. data)   RO Data    RW Data    ZI Data      Debug   Library Name

       514         16          0          4          0        664   mc_p.l

    ----------------------------------------------------------------------
       516         16          0          4          0        664   Library Totals

    ----------------------------------------------------------------------

==============================================================================


      Code (inc. data)   RO Data    RW Data    ZI Data      Debug   

     29016       1662        872        596       6452     623631   Grand Totals
     29016       1662        872        260       6452     623631   ELF Image Totals (compressed)
     29016       1662        872        260          0          0   ROM Totals

==============================================================================

    Total RO  Size (Code + RO Data)                29888 (  29.19kB)
    Total RW  Size (RW Data + ZI Data)              7048 (   6.88kB)
    Total ROM Size (Code + RO Data + RW Data)      30148 (  29.44kB)

==============================================================================

